#
# There is insufficient memory for the Java Runtime Environment to continue.
# Native memory allocation (malloc) failed to allocate 32744 bytes. Error detail: Chunk::new
# Possible reasons:
#   The system is out of physical RAM or swap space
#   This process is running with CompressedOops enabled, and the Java Heap may be blocking the growth of the native heap
# Possible solutions:
#   Reduce memory load on the system
#   Increase physical memory or swap space
#   Check if swap backing store is full
#   Decrease Java heap size (-Xmx/-Xms)
#   Decrease number of Java threads
#   Decrease Java thread stack sizes (-Xss)
#   Set larger code cache with -XX:ReservedCodeCacheSize=
#   JVM is running with Unscaled Compressed Oops mode in which the Java heap is
#     placed in the first 4GB address space. The Java Heap base address is the
#     maximum limit for the native heap growth. Please use -XX:HeapBaseMinAddress
#     to set the Java Heap base and to place the Java Heap above 4GB virtual address.
# This output file may be truncated or incomplete.
#
#  Out of Memory Error (arena.cpp:168), pid=5420, tid=3608
#
# JRE version: OpenJDK Runtime Environment (21.0.10) (build 21.0.10+-14961533-b1163.108)
# Java VM: OpenJDK 64-Bit Server VM (21.0.10+-14961533-b1163.108, mixed mode, tiered, compressed oops, compressed class ptrs, g1 gc, windows-amd64)
# No core dump will be written. Minidumps are not enabled by default on client versions of Windows
#

---------------  S U M M A R Y ------------

Command Line: --add-opens=java.base/java.lang=ALL-UNNAMED --add-opens=java.base/java.lang.invoke=ALL-UNNAMED --add-opens=java.base/java.util=ALL-UNNAMED --add-opens=java.prefs/java.util.prefs=ALL-UNNAMED --add-exports=jdk.compiler/com.sun.tools.javac.api=ALL-UNNAMED --add-exports=jdk.compiler/com.sun.tools.javac.util=ALL-UNNAMED --add-opens=java.base/java.util=ALL-UNNAMED --add-opens=java.prefs/java.util.prefs=ALL-UNNAMED --add-opens=java.base/java.nio.charset=ALL-UNNAMED --add-opens=java.base/java.net=ALL-UNNAMED --add-opens=java.base/java.util.concurrent.atomic=ALL-UNNAMED --add-opens=java.xml/javax.xml.namespace=ALL-UNNAMED --add-opens=java.base/java.lang=ALL-UNNAMED --add-opens=java.base/java.lang.reflect=ALL-UNNAMED --add-opens=java.base/java.io=ALL-UNNAMED --add-opens=java.base/java.util=ALL-UNNAMED -Xmx2048m -Dfile.encoding=UTF-8 -Duser.country=FR -Duser.language=fr -Duser.variant -javaagent:C:\Users\Georgino\.gradle\wrapper\dists\gradle-8.13-bin\5xuhj0ry160q40clulazy9h7d\gradle-8.13\lib\agents\gradle-instrumentation-agent-8.13.jar org.gradle.launcher.daemon.bootstrap.GradleDaemon 8.13

Host: Intel(R) Core(TM) i5-4200H CPU @ 2.80GHz, 4 cores, 7G,  Windows 11 , 64 bit Build 26100 (10.0.26100.1591)
Time: Sun Apr 19 06:53:16 2026 elapsed time: 26.317635 seconds (0d 0h 0m 26s)

---------------  T H R E A D  ---------------

Current thread (0x000002791d2287b0):  JavaThread "C2 CompilerThread0" daemon [_thread_in_native, id=3608, stack(0x000000810f500000,0x000000810f600000) (1024K)]


Current CompileTask:
C2:26317 9041       4       org.gradle.internal.file.FileHierarchySet$Node::contains (101 bytes)

Stack: [0x000000810f500000,0x000000810f600000]
Native frames: (J=compiled Java code, j=interpreted, Vv=VM code, C=native code)
V  [jvm.dll+0x6d78a9]
V  [jvm.dll+0x8665b3]
V  [jvm.dll+0x868bde]
V  [jvm.dll+0x8692c3]
V  [jvm.dll+0x280ee6]
V  [jvm.dll+0xc07cd]
V  [jvm.dll+0xc0d03]
V  [jvm.dll+0x7035b5]
V  [jvm.dll+0x1e011e]
V  [jvm.dll+0x249d24]
V  [jvm.dll+0x2491a1]
V  [jvm.dll+0x1c76e4]
V  [jvm.dll+0x25891e]
V  [jvm.dll+0x256e66]
V  [jvm.dll+0x3f513e]
V  [jvm.dll+0x80fd28]
V  [jvm.dll+0x6d60fd]
C  [ucrtbase.dll+0x14ea0]
C  [KERNEL32.DLL+0x2dbe7]
C  [ntdll.dll+0x85a6c]


---------------  P R O C E S S  ---------------

Threads class SMR info:
_java_thread_list=0x000002791d7b86c0, length=61, elements={
0x00000279061d8290, 0x000002791d1d7af0, 0x000002791d1f3860, 0x000002791d1de4c0,
0x000002791d2095f0, 0x000002791d2125a0, 0x000002791d216aa0, 0x000002791d217ca0,
0x000002791d2287b0, 0x000002791d24cfb0, 0x000002791d5e85e0, 0x0000027922b365d0,
0x0000027923c87d00, 0x000002791d242300, 0x0000027923718bb0, 0x00000279225148a0,
0x00000279232f9880, 0x0000027923c2af10, 0x0000027923c2a1f0, 0x0000027923c2c2c0,
0x0000027923c2a880, 0x0000027923c2b5a0, 0x0000027923c2c950, 0x0000027923c2bc30,
0x0000027923c2d670, 0x0000027923ecb470, 0x0000027923ecade0, 0x0000027923eca0c0,
0x0000027923ecc190, 0x0000027923eca750, 0x0000027923ec93a0, 0x0000027923ecceb0,
0x0000027923ecdbd0, 0x0000027923ecfca0, 0x0000027923ecd540, 0x0000027923ece260,
0x0000027923ece8f0, 0x0000027923ecef80, 0x0000027923ecf610, 0x00000279235111c0,
0x0000027923511ee0, 0x0000027923512570, 0x0000027923512c00, 0x00000279235104a0,
0x000002792350f780, 0x000002792350fe10, 0x000002792578ccd0, 0x000002792578d360,
0x000002792578d9f0, 0x000002792578e080, 0x000002792578e710, 0x000002792578b290,
0x000002792578bfb0, 0x0000027925790e70, 0x0000027925791b90, 0x00000279250ac8b0,
0x00000279250ac220, 0x00000279250ab500, 0x00000279250b1770, 0x00000279250ae980,
0x00000279250b1e00
}

Java Threads: ( => current thread )
  0x00000279061d8290 JavaThread "main"                              [_thread_blocked, id=8484, stack(0x000000810e600000,0x000000810e700000) (1024K)]
  0x000002791d1d7af0 JavaThread "Common-Cleaner"             daemon [_thread_blocked, id=12216, stack(0x000000810ee00000,0x000000810ef00000) (1024K)]
  0x000002791d1f3860 JavaThread "Reference Handler"          daemon [_thread_blocked, id=3972, stack(0x000000810ef00000,0x000000810f000000) (1024K)]
  0x000002791d1de4c0 JavaThread "Finalizer"                  daemon [_thread_blocked, id=9324, stack(0x000000810f000000,0x000000810f100000) (1024K)]
  0x000002791d2095f0 JavaThread "Signal Dispatcher"          daemon [_thread_blocked, id=4244, stack(0x000000810f100000,0x000000810f200000) (1024K)]
  0x000002791d2125a0 JavaThread "Attach Listener"            daemon [_thread_blocked, id=11700, stack(0x000000810f200000,0x000000810f300000) (1024K)]
  0x000002791d216aa0 JavaThread "Service Thread"             daemon [_thread_blocked, id=9464, stack(0x000000810f300000,0x000000810f400000) (1024K)]
  0x000002791d217ca0 JavaThread "Monitor Deflation Thread"   daemon [_thread_blocked, id=4960, stack(0x000000810f400000,0x000000810f500000) (1024K)]
=>0x000002791d2287b0 JavaThread "C2 CompilerThread0"         daemon [_thread_in_native, id=3608, stack(0x000000810f500000,0x000000810f600000) (1024K)]
  0x000002791d24cfb0 JavaThread "C1 CompilerThread0"         daemon [_thread_blocked, id=6140, stack(0x000000810f600000,0x000000810f700000) (1024K)]
  0x000002791d5e85e0 JavaThread "Notification Thread"        daemon [_thread_blocked, id=3988, stack(0x000000810f700000,0x000000810f800000) (1024K)]
  0x0000027922b365d0 JavaThread "Daemon health stats"               [_thread_blocked, id=5468, stack(0x000000810fc00000,0x000000810fd00000) (1024K)]
  0x0000027923c87d00 JavaThread "Incoming local TCP Connector on port 50738"        [_thread_in_native, id=9364, stack(0x000000810fd00000,0x000000810fe00000) (1024K)]
  0x000002791d242300 JavaThread "Daemon periodic checks"            [_thread_blocked, id=1576, stack(0x000000810fe00000,0x000000810ff00000) (1024K)]
  0x0000027923718bb0 JavaThread "Daemon"                            [_thread_blocked, id=11544, stack(0x000000810ff00000,0x0000008110000000) (1024K)]
  0x00000279225148a0 JavaThread "Handler for socket connection from /127.0.0.1:50738 to /127.0.0.1:50739"        [_thread_in_native, id=4912, stack(0x0000008110000000,0x0000008110100000) (1024K)]
  0x00000279232f9880 JavaThread "Cancel handler"                    [_thread_blocked, id=7620, stack(0x0000008110100000,0x0000008110200000) (1024K)]
  0x0000027923c2af10 JavaThread "Daemon worker"                     [_thread_in_native, id=9276, stack(0x0000008110200000,0x0000008110300000) (1024K)]
  0x0000027923c2a1f0 JavaThread "Asynchronous log dispatcher for DefaultDaemonConnection: socket connection from /127.0.0.1:50738 to /127.0.0.1:50739"        [_thread_blocked, id=8900, stack(0x0000008110300000,0x0000008110400000) (1024K)]
  0x0000027923c2c2c0 JavaThread "Stdin handler"                     [_thread_blocked, id=7828, stack(0x0000008110400000,0x0000008110500000) (1024K)]
  0x0000027923c2a880 JavaThread "Daemon client event forwarder"        [_thread_blocked, id=11656, stack(0x0000008110500000,0x0000008110600000) (1024K)]
  0x0000027923c2b5a0 JavaThread "Cache worker for journal cache (C:\Users\Georgino\.gradle\caches\journal-1)"        [_thread_blocked, id=11740, stack(0x000000810f800000,0x000000810f900000) (1024K)]
  0x0000027923c2c950 JavaThread "File lock request listener"        [_thread_in_native, id=4896, stack(0x0000008110600000,0x0000008110700000) (1024K)]
  0x0000027923c2bc30 JavaThread "Cache worker for file hash cache (C:\Users\Georgino\.gradle\caches\8.13\fileHashes)"        [_thread_blocked, id=8332, stack(0x0000008110700000,0x0000008110800000) (1024K)]
  0x0000027923c2d670 JavaThread "Cache worker for file hash cache (C:\Users\Georgino\Desktop\projet\pisciculture-main - Copie - Copie\pisciculture-main\.gradle\8.13\fileHashes)"        [_thread_blocked, id=11328, stack(0x0000008110900000,0x0000008110a00000) (1024K)]
  0x0000027923ecb470 JavaThread "Cache worker for Build Output Cleanup Cache (C:\Users\Georgino\Desktop\projet\pisciculture-main - Copie - Copie\pisciculture-main\.gradle\buildOutputCleanup)"        [_thread_blocked, id=11992, stack(0x0000008110a00000,0x0000008110b00000) (1024K)]
  0x0000027923ecade0 JavaThread "File watcher server"        daemon [_thread_in_native, id=7424, stack(0x0000008110b00000,0x0000008110c00000) (1024K)]
  0x0000027923eca0c0 JavaThread "File watcher consumer"      daemon [_thread_blocked, id=10480, stack(0x0000008110c00000,0x0000008110d00000) (1024K)]
  0x0000027923ecc190 JavaThread "jar transforms"                    [_thread_blocked, id=2748, stack(0x0000008110d00000,0x0000008110e00000) (1024K)]
  0x0000027923eca750 JavaThread "jar transforms Thread 2"           [_thread_blocked, id=5964, stack(0x0000008110e00000,0x0000008110f00000) (1024K)]
  0x0000027923ec93a0 JavaThread "jar transforms Thread 3"           [_thread_blocked, id=6496, stack(0x0000008110f00000,0x0000008111000000) (1024K)]
  0x0000027923ecceb0 JavaThread "jar transforms Thread 4"           [_thread_blocked, id=6940, stack(0x0000008111000000,0x0000008111100000) (1024K)]
  0x0000027923ecdbd0 JavaThread "Cache worker for checksums cache (C:\Users\Georgino\Desktop\projet\pisciculture-main - Copie - Copie\pisciculture-main\.gradle\8.13\checksums)"        [_thread_blocked, id=6580, stack(0x0000008111100000,0x0000008111200000) (1024K)]
  0x0000027923ecfca0 JavaThread "Cache worker for file content cache (C:\Users\Georgino\.gradle\caches\8.13\fileContent)"        [_thread_blocked, id=10180, stack(0x0000008111200000,0x0000008111300000) (1024K)]
  0x0000027923ecd540 JavaThread "Cache worker for cache directory md-supplier (C:\Users\Georgino\.gradle\caches\8.13\md-supplier)"        [_thread_blocked, id=5888, stack(0x0000008111300000,0x0000008111400000) (1024K)]
  0x0000027923ece260 JavaThread "Cache worker for cache directory md-rule (C:\Users\Georgino\.gradle\caches\8.13\md-rule)"        [_thread_blocked, id=3184, stack(0x0000008111400000,0x0000008111500000) (1024K)]
  0x0000027923ece8f0 JavaThread "Unconstrained build operations"        [_thread_blocked, id=7956, stack(0x0000008111500000,0x0000008111600000) (1024K)]
  0x0000027923ecef80 JavaThread "Unconstrained build operations Thread 2"        [_thread_blocked, id=5364, stack(0x0000008111600000,0x0000008111700000) (1024K)]
  0x0000027923ecf610 JavaThread "Unconstrained build operations Thread 3"        [_thread_blocked, id=8624, stack(0x0000008111700000,0x0000008111800000) (1024K)]
  0x00000279235111c0 JavaThread "Unconstrained build operations Thread 4"        [_thread_blocked, id=3848, stack(0x0000008111800000,0x0000008111900000) (1024K)]
  0x0000027923511ee0 JavaThread "Unconstrained build operations Thread 5"        [_thread_blocked, id=8432, stack(0x0000008110800000,0x0000008110900000) (1024K)]
  0x0000027923512570 JavaThread "Unconstrained build operations Thread 6"        [_thread_blocked, id=7300, stack(0x0000008111900000,0x0000008111a00000) (1024K)]
  0x0000027923512c00 JavaThread "Unconstrained build operations Thread 7"        [_thread_blocked, id=11964, stack(0x0000008111a00000,0x0000008111b00000) (1024K)]
  0x00000279235104a0 JavaThread "Unconstrained build operations Thread 8"        [_thread_blocked, id=1964, stack(0x0000008111b00000,0x0000008111c00000) (1024K)]
  0x000002792350f780 JavaThread "Unconstrained build operations Thread 9"        [_thread_blocked, id=10844, stack(0x0000008111c00000,0x0000008111d00000) (1024K)]
  0x000002792350fe10 JavaThread "Unconstrained build operations Thread 10"        [_thread_blocked, id=1684, stack(0x0000008111d00000,0x0000008111e00000) (1024K)]
  0x000002792578ccd0 JavaThread "Unconstrained build operations Thread 11"        [_thread_blocked, id=8704, stack(0x0000008111e00000,0x0000008111f00000) (1024K)]
  0x000002792578d360 JavaThread "Unconstrained build operations Thread 12"        [_thread_blocked, id=9980, stack(0x0000008111f00000,0x0000008112000000) (1024K)]
  0x000002792578d9f0 JavaThread "Unconstrained build operations Thread 13"        [_thread_blocked, id=2828, stack(0x0000008112000000,0x0000008112100000) (1024K)]
  0x000002792578e080 JavaThread "Unconstrained build operations Thread 14"        [_thread_blocked, id=2764, stack(0x0000008112100000,0x0000008112200000) (1024K)]
  0x000002792578e710 JavaThread "Unconstrained build operations Thread 15"        [_thread_blocked, id=3536, stack(0x0000008112200000,0x0000008112300000) (1024K)]
  0x000002792578b290 JavaThread "Unconstrained build operations Thread 16"        [_thread_blocked, id=776, stack(0x0000008112300000,0x0000008112400000) (1024K)]
  0x000002792578bfb0 JavaThread "Unconstrained build operations Thread 17"        [_thread_blocked, id=8972, stack(0x0000008112500000,0x0000008112600000) (1024K)]
  0x0000027925790e70 JavaThread "Unconstrained build operations Thread 18"        [_thread_blocked, id=9788, stack(0x0000008112600000,0x0000008112700000) (1024K)]
  0x0000027925791b90 JavaThread "Unconstrained build operations Thread 19"        [_thread_blocked, id=3612, stack(0x0000008112700000,0x0000008112800000) (1024K)]
  0x00000279250ac8b0 JavaThread "Unconstrained build operations Thread 20"        [_thread_blocked, id=2700, stack(0x0000008112800000,0x0000008112900000) (1024K)]
  0x00000279250ac220 JavaThread "Unconstrained build operations Thread 21"        [_thread_blocked, id=10972, stack(0x0000008112900000,0x0000008112a00000) (1024K)]
  0x00000279250ab500 JavaThread "Unconstrained build operations Thread 22"        [_thread_blocked, id=6376, stack(0x0000008112a00000,0x0000008112b00000) (1024K)]
  0x00000279250b1770 JavaThread "Unconstrained build operations Thread 23"        [_thread_in_native, id=5528, stack(0x0000008112400000,0x0000008112500000) (1024K)]
  0x00000279250ae980 JavaThread "Unconstrained build operations Thread 24"        [_thread_in_vm, id=10364, stack(0x0000008112b00000,0x0000008112c00000) (1024K)] _threads_hazard_ptr=0x000002791d7b86c0
  0x00000279250b1e00 JavaThread "Unconstrained build operations Thread 25"        [_thread_blocked, id=11384, stack(0x0000008112c00000,0x0000008112d00000) (1024K)]
Total: 61

Other Threads:
  0x000002791d0428b0 VMThread "VM Thread"                           [id=9368, stack(0x000000810ed00000,0x000000810ee00000) (1024K)]
  0x000002791cfde530 WatcherThread "VM Periodic Task Thread"        [id=2472, stack(0x000000810ec00000,0x000000810ed00000) (1024K)]
  0x00000279062305d0 WorkerThread "GC Thread#0"                     [id=9804, stack(0x000000810e700000,0x000000810e800000) (1024K)]
  0x000002791d90c700 WorkerThread "GC Thread#1"                     [id=11916, stack(0x000000810f900000,0x000000810fa00000) (1024K)]
  0x000002791d90cab0 WorkerThread "GC Thread#2"                     [id=9896, stack(0x000000810fa00000,0x000000810fb00000) (1024K)]
  0x000002791dca87b0 WorkerThread "GC Thread#3"                     [id=10200, stack(0x000000810fb00000,0x000000810fc00000) (1024K)]
  0x0000027906242310 ConcurrentGCThread "G1 Main Marker"            [id=11300, stack(0x000000810e800000,0x000000810e900000) (1024K)]
  0x0000027906243b70 WorkerThread "G1 Conc#0"                       [id=11116, stack(0x000000810e900000,0x000000810ea00000) (1024K)]
  0x000002790629e620 ConcurrentGCThread "G1 Refine#0"               [id=10368, stack(0x000000810ea00000,0x000000810eb00000) (1024K)]
  0x000002791cea0290 ConcurrentGCThread "G1 Service"                [id=5736, stack(0x000000810eb00000,0x000000810ec00000) (1024K)]
Total: 10

Threads with active compile tasks:
C2 CompilerThread0  26360 9041       4       org.gradle.internal.file.FileHierarchySet$Node::contains (101 bytes)
Total: 1

VM state: not at safepoint (normal execution)

VM Mutex/Monitor currently owned by a thread: None

Heap address: 0x0000000080000000, size: 2048 MB, Compressed Oops mode: 32-bit

CDS archive(s) not mapped
Compressed class space mapped at: 0x0000000100000000-0x0000000140000000, reserved size: 1073741824
Narrow klass base: 0x0000000000000000, Narrow klass shift: 3, Narrow klass range: 0x140000000

GC Precious Log:
 CardTable entry size: 512
 Card Set container configuration: InlinePtr #cards 5 size 8 Array Of Cards #cards 12 size 40 Howl #buckets 4 coarsen threshold 1843 Howl Bitmap #cards 512 size 80 coarsen threshold 460 Card regions per heap region 1 cards per card region 2048
 CPUs: 4 total, 4 available
 Memory: 8081M
 Large Page Support: Disabled
 NUMA Support: Disabled
 Compressed Oops: Enabled (32-bit)
 Heap Region Size: 1M
 Heap Min Capacity: 8M
 Heap Initial Capacity: 128M
 Heap Max Capacity: 2G
 Pre-touch: Disabled
 Parallel Workers: 4
 Concurrent Workers: 1
 Concurrent Refinement Workers: 4
 Periodic GC: Disabled

Heap:
 garbage-first heap   total 140288K, used 93925K [0x0000000080000000, 0x0000000100000000)
  region size 1024K, 12 young (12288K), 4 survivors (4096K)
 Metaspace       used 75059K, committed 76800K, reserved 1179648K
  class space    used 10549K, committed 11392K, reserved 1048576K

Heap Regions: E=young(eden), S=young(survivor), O=old, HS=humongous(starts), HC=humongous(continues), CS=collection set, F=free, TAMS=top-at-mark-start, PB=parsable bottom
|   0|0x0000000080000000, 0x0000000080100000, 0x0000000080100000|100%|HS|  |TAMS 0x0000000080000000| PB 0x0000000080000000| Complete 
|   1|0x0000000080100000, 0x0000000080200000, 0x0000000080200000|100%|HC|  |TAMS 0x0000000080100000| PB 0x0000000080100000| Complete 
|   2|0x0000000080200000, 0x0000000080300000, 0x0000000080300000|100%|HC|  |TAMS 0x0000000080200000| PB 0x0000000080200000| Complete 
|   3|0x0000000080300000, 0x0000000080400000, 0x0000000080400000|100%|HS|  |TAMS 0x0000000080300000| PB 0x0000000080300000| Complete 
|   4|0x0000000080400000, 0x0000000080500000, 0x0000000080500000|100%| O|  |TAMS 0x0000000080400000| PB 0x0000000080400000| Untracked 
|   5|0x0000000080500000, 0x0000000080600000, 0x0000000080600000|100%| O|  |TAMS 0x0000000080500000| PB 0x0000000080500000| Untracked 
|   6|0x0000000080600000, 0x0000000080700000, 0x0000000080700000|100%| O|  |TAMS 0x0000000080600000| PB 0x0000000080600000| Untracked 
|   7|0x0000000080700000, 0x0000000080800000, 0x0000000080800000|100%| O|  |TAMS 0x0000000080700000| PB 0x0000000080700000| Untracked 
|   8|0x0000000080800000, 0x0000000080900000, 0x0000000080900000|100%| O|  |TAMS 0x0000000080800000| PB 0x0000000080800000| Untracked 
|   9|0x0000000080900000, 0x0000000080a00000, 0x0000000080a00000|100%| O|  |TAMS 0x0000000080900000| PB 0x0000000080900000| Untracked 
|  10|0x0000000080a00000, 0x0000000080b00000, 0x0000000080b00000|100%| O|  |TAMS 0x0000000080a00000| PB 0x0000000080a00000| Untracked 
|  11|0x0000000080b00000, 0x0000000080c00000, 0x0000000080c00000|100%| O|  |TAMS 0x0000000080b00000| PB 0x0000000080b00000| Untracked 
|  12|0x0000000080c00000, 0x0000000080d00000, 0x0000000080d00000|100%| O|  |TAMS 0x0000000080c00000| PB 0x0000000080c00000| Untracked 
|  13|0x0000000080d00000, 0x0000000080e00000, 0x0000000080e00000|100%| O|  |TAMS 0x0000000080d00000| PB 0x0000000080d00000| Untracked 
|  14|0x0000000080e00000, 0x0000000080f00000, 0x0000000080f00000|100%| O|  |TAMS 0x0000000080e00000| PB 0x0000000080e00000| Untracked 
|  15|0x0000000080f00000, 0x0000000081000000, 0x0000000081000000|100%| O|  |TAMS 0x0000000080f00000| PB 0x0000000080f00000| Untracked 
|  16|0x0000000081000000, 0x0000000081100000, 0x0000000081100000|100%| O|  |TAMS 0x0000000081000000| PB 0x0000000081000000| Untracked 
|  17|0x0000000081100000, 0x0000000081200000, 0x0000000081200000|100%| O|  |TAMS 0x0000000081100000| PB 0x0000000081100000| Untracked 
|  18|0x0000000081200000, 0x0000000081300000, 0x0000000081300000|100%| O|  |TAMS 0x0000000081200000| PB 0x0000000081200000| Untracked 
|  19|0x0000000081300000, 0x0000000081400000, 0x0000000081400000|100%| O|  |TAMS 0x0000000081300000| PB 0x0000000081300000| Untracked 
|  20|0x0000000081400000, 0x0000000081500000, 0x0000000081500000|100%| O|  |TAMS 0x0000000081400000| PB 0x0000000081400000| Untracked 
|  21|0x0000000081500000, 0x0000000081600000, 0x0000000081600000|100%| O|  |TAMS 0x0000000081500000| PB 0x0000000081500000| Untracked 
|  22|0x0000000081600000, 0x0000000081700000, 0x0000000081700000|100%|HS|  |TAMS 0x0000000081600000| PB 0x0000000081600000| Complete 
|  23|0x0000000081700000, 0x0000000081800000, 0x0000000081800000|100%|HC|  |TAMS 0x0000000081700000| PB 0x0000000081700000| Complete 
|  24|0x0000000081800000, 0x0000000081900000, 0x0000000081900000|100%|HC|  |TAMS 0x0000000081800000| PB 0x0000000081800000| Complete 
|  25|0x0000000081900000, 0x0000000081a00000, 0x0000000081a00000|100%|HC|  |TAMS 0x0000000081900000| PB 0x0000000081900000| Complete 
|  26|0x0000000081a00000, 0x0000000081b00000, 0x0000000081b00000|100%|HC|  |TAMS 0x0000000081a00000| PB 0x0000000081a00000| Complete 
|  27|0x0000000081b00000, 0x0000000081c00000, 0x0000000081c00000|100%|HC|  |TAMS 0x0000000081b00000| PB 0x0000000081b00000| Complete 
|  28|0x0000000081c00000, 0x0000000081d00000, 0x0000000081d00000|100%|HS|  |TAMS 0x0000000081c00000| PB 0x0000000081c00000| Complete 
|  29|0x0000000081d00000, 0x0000000081e00000, 0x0000000081e00000|100%|HC|  |TAMS 0x0000000081d00000| PB 0x0000000081d00000| Complete 
|  30|0x0000000081e00000, 0x0000000081f00000, 0x0000000081f00000|100%|HS|  |TAMS 0x0000000081e00000| PB 0x0000000081e00000| Complete 
|  31|0x0000000081f00000, 0x0000000082000000, 0x0000000082000000|100%|HS|  |TAMS 0x0000000081f00000| PB 0x0000000081f00000| Complete 
|  32|0x0000000082000000, 0x0000000082100000, 0x0000000082100000|100%|HC|  |TAMS 0x0000000082000000| PB 0x0000000082000000| Complete 
|  33|0x0000000082100000, 0x0000000082200000, 0x0000000082200000|100%|HC|  |TAMS 0x0000000082100000| PB 0x0000000082100000| Complete 
|  34|0x0000000082200000, 0x0000000082300000, 0x0000000082300000|100%|HC|  |TAMS 0x0000000082200000| PB 0x0000000082200000| Complete 
|  35|0x0000000082300000, 0x0000000082400000, 0x0000000082400000|100%|HC|  |TAMS 0x0000000082300000| PB 0x0000000082300000| Complete 
|  36|0x0000000082400000, 0x0000000082500000, 0x0000000082500000|100%|HC|  |TAMS 0x0000000082400000| PB 0x0000000082400000| Complete 
|  37|0x0000000082500000, 0x0000000082600000, 0x0000000082600000|100%|HS|  |TAMS 0x0000000082500000| PB 0x0000000082500000| Complete 
|  38|0x0000000082600000, 0x0000000082700000, 0x0000000082700000|100%|HC|  |TAMS 0x0000000082600000| PB 0x0000000082600000| Complete 
|  39|0x0000000082700000, 0x0000000082800000, 0x0000000082800000|100%|HS|  |TAMS 0x0000000082700000| PB 0x0000000082700000| Complete 
|  40|0x0000000082800000, 0x0000000082900000, 0x0000000082900000|100%| O|  |TAMS 0x0000000082800000| PB 0x0000000082800000| Untracked 
|  41|0x0000000082900000, 0x0000000082a00000, 0x0000000082a00000|100%| O|  |TAMS 0x0000000082900000| PB 0x0000000082900000| Untracked 
|  42|0x0000000082a00000, 0x0000000082b00000, 0x0000000082b00000|100%| O|  |TAMS 0x0000000082a00000| PB 0x0000000082a00000| Untracked 
|  43|0x0000000082b00000, 0x0000000082c00000, 0x0000000082c00000|100%| O|  |TAMS 0x0000000082b00000| PB 0x0000000082b00000| Untracked 
|  44|0x0000000082c00000, 0x0000000082d00000, 0x0000000082d00000|100%| O|  |TAMS 0x0000000082c00000| PB 0x0000000082c00000| Untracked 
|  45|0x0000000082d00000, 0x0000000082e00000, 0x0000000082e00000|100%| O|  |TAMS 0x0000000082d00000| PB 0x0000000082d00000| Untracked 
|  46|0x0000000082e00000, 0x0000000082f00000, 0x0000000082f00000|100%| O|  |TAMS 0x0000000082e00000| PB 0x0000000082e00000| Untracked 
|  47|0x0000000082f00000, 0x0000000083000000, 0x0000000083000000|100%| O|  |TAMS 0x0000000082f00000| PB 0x0000000082f00000| Untracked 
|  48|0x0000000083000000, 0x0000000083100000, 0x0000000083100000|100%| O|  |TAMS 0x0000000083000000| PB 0x0000000083000000| Untracked 
|  49|0x0000000083100000, 0x0000000083200000, 0x0000000083200000|100%| O|  |TAMS 0x0000000083100000| PB 0x0000000083100000| Untracked 
|  50|0x0000000083200000, 0x0000000083300000, 0x0000000083300000|100%| O|  |TAMS 0x0000000083200000| PB 0x0000000083200000| Untracked 
|  51|0x0000000083300000, 0x0000000083400000, 0x0000000083400000|100%| O|  |TAMS 0x0000000083300000| PB 0x0000000083300000| Untracked 
|  52|0x0000000083400000, 0x0000000083500000, 0x0000000083500000|100%| O|  |TAMS 0x0000000083400000| PB 0x0000000083400000| Untracked 
|  53|0x0000000083500000, 0x0000000083600000, 0x0000000083600000|100%| O|  |TAMS 0x0000000083500000| PB 0x0000000083500000| Untracked 
|  54|0x0000000083600000, 0x0000000083700000, 0x0000000083700000|100%|HS|  |TAMS 0x0000000083600000| PB 0x0000000083600000| Complete 
|  55|0x0000000083700000, 0x0000000083800000, 0x0000000083800000|100%|HC|  |TAMS 0x0000000083700000| PB 0x0000000083700000| Complete 
|  56|0x0000000083800000, 0x0000000083900000, 0x0000000083900000|100%| O|  |TAMS 0x0000000083800000| PB 0x0000000083800000| Untracked 
|  57|0x0000000083900000, 0x0000000083a00000, 0x0000000083a00000|100%| O|  |TAMS 0x0000000083900000| PB 0x0000000083900000| Untracked 
|  58|0x0000000083a00000, 0x0000000083b00000, 0x0000000083b00000|100%| O|  |TAMS 0x0000000083a00000| PB 0x0000000083a00000| Untracked 
|  59|0x0000000083b00000, 0x0000000083c00000, 0x0000000083c00000|100%| O|  |TAMS 0x0000000083b00000| PB 0x0000000083b00000| Untracked 
|  60|0x0000000083c00000, 0x0000000083d00000, 0x0000000083d00000|100%| O|  |TAMS 0x0000000083c00000| PB 0x0000000083c00000| Untracked 
|  61|0x0000000083d00000, 0x0000000083e00000, 0x0000000083e00000|100%| O|  |TAMS 0x0000000083d00000| PB 0x0000000083d00000| Untracked 
|  62|0x0000000083e00000, 0x0000000083f00000, 0x0000000083f00000|100%| O|  |TAMS 0x0000000083e00000| PB 0x0000000083e00000| Untracked 
|  63|0x0000000083f00000, 0x0000000084000000, 0x0000000084000000|100%| O|  |TAMS 0x0000000083f00000| PB 0x0000000083f00000| Untracked 
|  64|0x0000000084000000, 0x0000000084100000, 0x0000000084100000|100%| O|  |TAMS 0x0000000084000000| PB 0x0000000084000000| Untracked 
|  65|0x0000000084100000, 0x0000000084200000, 0x0000000084200000|100%| O|  |TAMS 0x0000000084100000| PB 0x0000000084100000| Untracked 
|  66|0x0000000084200000, 0x0000000084300000, 0x0000000084300000|100%| O|  |TAMS 0x0000000084200000| PB 0x0000000084200000| Untracked 
|  67|0x0000000084300000, 0x0000000084400000, 0x0000000084400000|100%| O|  |TAMS 0x0000000084300000| PB 0x0000000084300000| Untracked 
|  68|0x0000000084400000, 0x0000000084500000, 0x0000000084500000|100%| O|  |TAMS 0x0000000084400000| PB 0x0000000084400000| Untracked 
|  69|0x0000000084500000, 0x0000000084500000, 0x0000000084600000|  0%| F|  |TAMS 0x0000000084500000| PB 0x0000000084500000| Untracked 
|  70|0x0000000084600000, 0x0000000084700000, 0x0000000084700000|100%| O|  |TAMS 0x0000000084600000| PB 0x0000000084600000| Untracked 
|  71|0x0000000084700000, 0x00000000847b9490, 0x0000000084800000| 72%| O|  |TAMS 0x0000000084700000| PB 0x0000000084700000| Untracked 
|  72|0x0000000084800000, 0x0000000084800000, 0x0000000084900000|  0%| F|  |TAMS 0x0000000084800000| PB 0x0000000084800000| Untracked 
|  73|0x0000000084900000, 0x0000000084a00000, 0x0000000084a00000|100%| O|  |TAMS 0x0000000084900000| PB 0x0000000084900000| Untracked 
|  74|0x0000000084a00000, 0x0000000084b00000, 0x0000000084b00000|100%| O|  |TAMS 0x0000000084a00000| PB 0x0000000084a00000| Untracked 
|  75|0x0000000084b00000, 0x0000000084c00000, 0x0000000084c00000|100%| O|  |TAMS 0x0000000084b00000| PB 0x0000000084b00000| Untracked 
|  76|0x0000000084c00000, 0x0000000084c00000, 0x0000000084d00000|  0%| F|  |TAMS 0x0000000084c00000| PB 0x0000000084c00000| Untracked 
|  77|0x0000000084d00000, 0x0000000084e00000, 0x0000000084e00000|100%| O|  |TAMS 0x0000000084d00000| PB 0x0000000084d00000| Untracked 
|  78|0x0000000084e00000, 0x0000000084e00000, 0x0000000084f00000|  0%| F|  |TAMS 0x0000000084e00000| PB 0x0000000084e00000| Untracked 
|  79|0x0000000084f00000, 0x0000000084f00000, 0x0000000085000000|  0%| F|  |TAMS 0x0000000084f00000| PB 0x0000000084f00000| Untracked 
|  80|0x0000000085000000, 0x0000000085000000, 0x0000000085100000|  0%| F|  |TAMS 0x0000000085000000| PB 0x0000000085000000| Untracked 
|  81|0x0000000085100000, 0x0000000085100000, 0x0000000085200000|  0%| F|  |TAMS 0x0000000085100000| PB 0x0000000085100000| Untracked 
|  82|0x0000000085200000, 0x0000000085200000, 0x0000000085300000|  0%| F|  |TAMS 0x0000000085200000| PB 0x0000000085200000| Untracked 
|  83|0x0000000085300000, 0x0000000085400000, 0x0000000085400000|100%| S|CS|TAMS 0x0000000085300000| PB 0x0000000085300000| Complete 
|  84|0x0000000085400000, 0x0000000085500000, 0x0000000085500000|100%| S|CS|TAMS 0x0000000085400000| PB 0x0000000085400000| Complete 
|  85|0x0000000085500000, 0x0000000085600000, 0x0000000085600000|100%| S|CS|TAMS 0x0000000085500000| PB 0x0000000085500000| Complete 
|  86|0x0000000085600000, 0x0000000085700000, 0x0000000085700000|100%| S|CS|TAMS 0x0000000085600000| PB 0x0000000085600000| Complete 
|  87|0x0000000085700000, 0x0000000085700000, 0x0000000085800000|  0%| F|  |TAMS 0x0000000085700000| PB 0x0000000085700000| Untracked 
|  88|0x0000000085800000, 0x0000000085800000, 0x0000000085900000|  0%| F|  |TAMS 0x0000000085800000| PB 0x0000000085800000| Untracked 
|  89|0x0000000085900000, 0x0000000085900000, 0x0000000085a00000|  0%| F|  |TAMS 0x0000000085900000| PB 0x0000000085900000| Untracked 
|  90|0x0000000085a00000, 0x0000000085a00000, 0x0000000085b00000|  0%| F|  |TAMS 0x0000000085a00000| PB 0x0000000085a00000| Untracked 
|  91|0x0000000085b00000, 0x0000000085b00000, 0x0000000085c00000|  0%| F|  |TAMS 0x0000000085b00000| PB 0x0000000085b00000| Untracked 
|  92|0x0000000085c00000, 0x0000000085c00000, 0x0000000085d00000|  0%| F|  |TAMS 0x0000000085c00000| PB 0x0000000085c00000| Untracked 
|  93|0x0000000085d00000, 0x0000000085d00000, 0x0000000085e00000|  0%| F|  |TAMS 0x0000000085d00000| PB 0x0000000085d00000| Untracked 
|  94|0x0000000085e00000, 0x0000000085e00000, 0x0000000085f00000|  0%| F|  |TAMS 0x0000000085e00000| PB 0x0000000085e00000| Untracked 
|  95|0x0000000085f00000, 0x0000000085f00000, 0x0000000086000000|  0%| F|  |TAMS 0x0000000085f00000| PB 0x0000000085f00000| Untracked 
|  96|0x0000000086000000, 0x0000000086000000, 0x0000000086100000|  0%| F|  |TAMS 0x0000000086000000| PB 0x0000000086000000| Untracked 
|  97|0x0000000086100000, 0x0000000086100000, 0x0000000086200000|  0%| F|  |TAMS 0x0000000086100000| PB 0x0000000086100000| Untracked 
|  98|0x0000000086200000, 0x0000000086200000, 0x0000000086300000|  0%| F|  |TAMS 0x0000000086200000| PB 0x0000000086200000| Untracked 
|  99|0x0000000086300000, 0x0000000086300000, 0x0000000086400000|  0%| F|  |TAMS 0x0000000086300000| PB 0x0000000086300000| Untracked 
| 100|0x0000000086400000, 0x0000000086400000, 0x0000000086500000|  0%| F|  |TAMS 0x0000000086400000| PB 0x0000000086400000| Untracked 
| 101|0x0000000086500000, 0x0000000086500000, 0x0000000086600000|  0%| F|  |TAMS 0x0000000086500000| PB 0x0000000086500000| Untracked 
| 102|0x0000000086600000, 0x0000000086600000, 0x0000000086700000|  0%| F|  |TAMS 0x0000000086600000| PB 0x0000000086600000| Untracked 
| 103|0x0000000086700000, 0x0000000086700000, 0x0000000086800000|  0%| F|  |TAMS 0x0000000086700000| PB 0x0000000086700000| Untracked 
| 104|0x0000000086800000, 0x0000000086800000, 0x0000000086900000|  0%| F|  |TAMS 0x0000000086800000| PB 0x0000000086800000| Untracked 
| 105|0x0000000086900000, 0x0000000086900000, 0x0000000086a00000|  0%| F|  |TAMS 0x0000000086900000| PB 0x0000000086900000| Untracked 
| 106|0x0000000086a00000, 0x0000000086a00000, 0x0000000086b00000|  0%| F|  |TAMS 0x0000000086a00000| PB 0x0000000086a00000| Untracked 
| 107|0x0000000086b00000, 0x0000000086b00000, 0x0000000086c00000|  0%| F|  |TAMS 0x0000000086b00000| PB 0x0000000086b00000| Untracked 
| 108|0x0000000086c00000, 0x0000000086c00000, 0x0000000086d00000|  0%| F|  |TAMS 0x0000000086c00000| PB 0x0000000086c00000| Untracked 
| 109|0x0000000086d00000, 0x0000000086d00000, 0x0000000086e00000|  0%| F|  |TAMS 0x0000000086d00000| PB 0x0000000086d00000| Untracked 
| 110|0x0000000086e00000, 0x0000000086e00000, 0x0000000086f00000|  0%| F|  |TAMS 0x0000000086e00000| PB 0x0000000086e00000| Untracked 
| 111|0x0000000086f00000, 0x0000000086f00000, 0x0000000087000000|  0%| F|  |TAMS 0x0000000086f00000| PB 0x0000000086f00000| Untracked 
| 112|0x0000000087000000, 0x0000000087000000, 0x0000000087100000|  0%| F|  |TAMS 0x0000000087000000| PB 0x0000000087000000| Untracked 
| 113|0x0000000087100000, 0x0000000087100000, 0x0000000087200000|  0%| F|  |TAMS 0x0000000087100000| PB 0x0000000087100000| Untracked 
| 114|0x0000000087200000, 0x0000000087200000, 0x0000000087300000|  0%| F|  |TAMS 0x0000000087200000| PB 0x0000000087200000| Untracked 
| 115|0x0000000087300000, 0x0000000087300000, 0x0000000087400000|  0%| F|  |TAMS 0x0000000087300000| PB 0x0000000087300000| Untracked 
| 116|0x0000000087400000, 0x0000000087400000, 0x0000000087500000|  0%| F|  |TAMS 0x0000000087400000| PB 0x0000000087400000| Untracked 
| 117|0x0000000087500000, 0x0000000087500000, 0x0000000087600000|  0%| F|  |TAMS 0x0000000087500000| PB 0x0000000087500000| Untracked 
| 118|0x0000000087600000, 0x0000000087600000, 0x0000000087700000|  0%| F|  |TAMS 0x0000000087600000| PB 0x0000000087600000| Untracked 
| 119|0x0000000087700000, 0x0000000087700000, 0x0000000087800000|  0%| F|  |TAMS 0x0000000087700000| PB 0x0000000087700000| Untracked 
| 120|0x0000000087800000, 0x0000000087800000, 0x0000000087900000|  0%| F|  |TAMS 0x0000000087800000| PB 0x0000000087800000| Untracked 
| 121|0x0000000087900000, 0x0000000087900000, 0x0000000087a00000|  0%| F|  |TAMS 0x0000000087900000| PB 0x0000000087900000| Untracked 
| 122|0x0000000087a00000, 0x0000000087a00000, 0x0000000087b00000|  0%| F|  |TAMS 0x0000000087a00000| PB 0x0000000087a00000| Untracked 
| 123|0x0000000087b00000, 0x0000000087b4a9c0, 0x0000000087c00000| 29%| E|  |TAMS 0x0000000087b00000| PB 0x0000000087b00000| Complete 
| 124|0x0000000087c00000, 0x0000000087d00000, 0x0000000087d00000|100%| E|CS|TAMS 0x0000000087c00000| PB 0x0000000087c00000| Complete 
| 125|0x0000000087d00000, 0x0000000087e00000, 0x0000000087e00000|100%| E|CS|TAMS 0x0000000087d00000| PB 0x0000000087d00000| Complete 
| 126|0x0000000087e00000, 0x0000000087f00000, 0x0000000087f00000|100%| E|CS|TAMS 0x0000000087e00000| PB 0x0000000087e00000| Complete 
| 127|0x0000000087f00000, 0x0000000088000000, 0x0000000088000000|100%| E|CS|TAMS 0x0000000087f00000| PB 0x0000000087f00000| Complete 
| 128|0x0000000088000000, 0x0000000088100000, 0x0000000088100000|100%| E|CS|TAMS 0x0000000088000000| PB 0x0000000088000000| Complete 
|2040|0x00000000ff800000, 0x00000000ff900000, 0x00000000ff900000|100%| O|  |TAMS 0x00000000ff800000| PB 0x00000000ff800000| Untracked 
|2041|0x00000000ff900000, 0x00000000ffa00000, 0x00000000ffa00000|100%| E|CS|TAMS 0x00000000ff900000| PB 0x00000000ff900000| Complete 
|2042|0x00000000ffa00000, 0x00000000ffb00000, 0x00000000ffb00000|100%| O|  |TAMS 0x00000000ffa00000| PB 0x00000000ffa00000| Untracked 
|2043|0x00000000ffb00000, 0x00000000ffc00000, 0x00000000ffc00000|100%| E|CS|TAMS 0x00000000ffb00000| PB 0x00000000ffb00000| Complete 
|2044|0x00000000ffc00000, 0x00000000ffd00000, 0x00000000ffd00000|100%| O|  |TAMS 0x00000000ffc00000| PB 0x00000000ffc00000| Untracked 
|2045|0x00000000ffd00000, 0x00000000ffe00000, 0x00000000ffe00000|100%| O|  |TAMS 0x00000000ffd00000| PB 0x00000000ffd00000| Untracked 
|2046|0x00000000ffe00000, 0x00000000fff00000, 0x00000000fff00000|100%| O|  |TAMS 0x00000000ffe00000| PB 0x00000000ffe00000| Untracked 
|2047|0x00000000fff00000, 0x0000000100000000, 0x0000000100000000|100%| O|  |TAMS 0x00000000fff00000| PB 0x00000000fff00000| Untracked 

Card table byte_map: [0x0000027918740000,0x0000027918b40000] _byte_map_base: 0x0000027918340000

Marking Bits: (CMBitMap*) 0x0000027906230bf0
 Bits: [0x0000027918b40000, 0x000002791ab40000)

Polling page: 0x00000279059a0000

Metaspace:

Usage:
  Non-class:     63.00 MB used.
      Class:     10.30 MB used.
       Both:     73.30 MB used.

Virtual space:
  Non-class space:      128.00 MB reserved,      63.88 MB ( 50%) committed,  2 nodes.
      Class space:        1.00 GB reserved,      11.12 MB (  1%) committed,  1 nodes.
             Both:        1.12 GB reserved,      75.00 MB (  7%) committed. 

Chunk freelists:
   Non-Class:  15.88 MB
       Class:  4.70 MB
        Both:  20.58 MB

MaxMetaspaceSize: unlimited
CompressedClassSpaceSize: 1.00 GB
Initial GC threshold: 21.00 MB
Current GC threshold: 124.69 MB
CDS: off
 - commit_granule_bytes: 65536.
 - commit_granule_words: 8192.
 - virtual_space_node_default_size: 8388608.
 - enlarge_chunks_in_place: 1.
 - use_allocation_guard: 0.


Internal statistics:

num_allocs_failed_limit: 6.
num_arena_births: 3392.
num_arena_deaths: 0.
num_vsnodes_births: 3.
num_vsnodes_deaths: 0.
num_space_committed: 1200.
num_space_uncommitted: 0.
num_chunks_returned_to_freelist: 6.
num_chunks_taken_from_freelist: 6605.
num_chunk_merges: 6.
num_chunk_splits: 4232.
num_chunks_enlarged: 2543.
num_inconsistent_stats: 0.

CodeHeap 'non-profiled nmethods': size=120000Kb used=4898Kb max_used=4898Kb free=115101Kb
 bounds [0x0000027910e10000, 0x00000279112e0000, 0x0000027918340000]
CodeHeap 'profiled nmethods': size=120000Kb used=14394Kb max_used=14394Kb free=105605Kb
 bounds [0x0000027909340000, 0x000002790a150000, 0x0000027910870000]
CodeHeap 'non-nmethods': size=5760Kb used=2614Kb max_used=2719Kb free=3145Kb
 bounds [0x0000027910870000, 0x0000027910b20000, 0x0000027910e10000]
CodeCache: size=245760Kb, used=21906Kb, max_used=22011Kb, free=223851Kb
 total_blobs=8727, nmethods=7825, adapters=805, full_count=0
Compilation: enabled, stopped_count=0, restarted_count=0

Compilation events (20 events):
Event: 26.171 Thread 0x000002791d24cfb0 nmethod 9031 0x000002790a14c810 code [0x000002790a14cb60, 0x000002790a14e188]
Event: 26.222 Thread 0x000002791d2287b0 9032       4       com.google.common.cache.CacheBuilder$1::recordEviction (1 bytes)
Event: 26.222 Thread 0x000002791d2287b0 nmethod 9032 0x00000279112d6910 code [0x00000279112d6aa0, 0x00000279112d6b28]
Event: 26.244 Thread 0x000002791d2287b0 9033       4       java.lang.Math::addExact (32 bytes)
Event: 26.244 Thread 0x000002791d2287b0 nmethod 9033 0x00000279112d6c10 code [0x00000279112d6da0, 0x00000279112d6e40]
Event: 26.244 Thread 0x000002791d2287b0 9034       4       java.lang.Math::multiplyExact (74 bytes)
Event: 26.245 Thread 0x000002791d2287b0 nmethod 9034 0x00000279112d6f10 code [0x00000279112d70a0, 0x00000279112d71f8]
Event: 26.254 Thread 0x000002791d2287b0 9035   !   4       org.gradle.internal.serialize.kryo.KryoBackedDecoder::readLong (15 bytes)
Event: 26.261 Thread 0x000002791d2287b0 nmethod 9035 0x00000279112d7310 code [0x00000279112d74e0, 0x00000279112d79b8]
Event: 26.262 Thread 0x000002791d24cfb0 9036       3       java.util.stream.Collectors$$Lambda/0x0000000100171a30::get (8 bytes)
Event: 26.262 Thread 0x000002791d24cfb0 nmethod 9036 0x000002790a14e890 code [0x000002790a14ea60, 0x000002790a14eda0]
Event: 26.268 Thread 0x000002791d2287b0 9037       4       org.gradle.cache.internal.btree.FileBackedBlockStore$BlockImpl::<init> (8 bytes)
Event: 26.272 Thread 0x000002791d2287b0 nmethod 9037 0x00000279112d7d10 code [0x00000279112d7ea0, 0x00000279112d82e0]
Event: 26.273 Thread 0x000002791d2287b0 9038       4       org.gradle.cache.internal.btree.FileBackedBlockStore$BlockImpl::setPos (34 bytes)
Event: 26.274 Thread 0x000002791d2287b0 nmethod 9038 0x00000279112d8410 code [0x00000279112d85a0, 0x00000279112d86f8]
Event: 26.274 Thread 0x000002791d2287b0 9039       4       com.google.common.io.CountingInputStream::read (25 bytes)
Event: 26.275 Thread 0x000002791d2287b0 nmethod 9039 0x00000279112d8790 code [0x00000279112d8940, 0x00000279112d8a58]
Event: 26.282 Thread 0x000002791d24cfb0 9040       3       org.gradle.api.internal.artifacts.transform.TransformStep$$Lambda/0x00000001008c3500::<init> (32 bytes)
Event: 26.283 Thread 0x000002791d24cfb0 nmethod 9040 0x000002790a14ef10 code [0x000002790a14f0c0, 0x000002790a14f3f0]
Event: 26.283 Thread 0x000002791d2287b0 9041       4       org.gradle.internal.file.FileHierarchySet$Node::contains (101 bytes)

GC Heap History (20 events):
Event: 11.781 GC heap before
{Heap before GC invocations=15 (full 0):
 garbage-first heap   total 97280K, used 90450K [0x0000000080000000, 0x0000000100000000)
  region size 1024K, 28 young (28672K), 2 survivors (2048K)
 Metaspace       used 51045K, committed 52096K, reserved 1114112K
  class space    used 6973K, committed 7488K, reserved 1048576K
}
Event: 11.788 GC heap after
{Heap after GC invocations=16 (full 0):
 garbage-first heap   total 97280K, used 61687K [0x0000000080000000, 0x0000000100000000)
  region size 1024K, 4 young (4096K), 4 survivors (4096K)
 Metaspace       used 51045K, committed 52096K, reserved 1114112K
  class space    used 6973K, committed 7488K, reserved 1048576K
}
Event: 12.896 GC heap before
{Heap before GC invocations=16 (full 0):
 garbage-first heap   total 97280K, used 86263K [0x0000000080000000, 0x0000000100000000)
  region size 1024K, 29 young (29696K), 4 survivors (4096K)
 Metaspace       used 54164K, committed 55488K, reserved 1114112K
  class space    used 7508K, committed 8128K, reserved 1048576K
}
Event: 12.913 GC heap after
{Heap after GC invocations=17 (full 0):
 garbage-first heap   total 97280K, used 62724K [0x0000000080000000, 0x0000000100000000)
  region size 1024K, 4 young (4096K), 4 survivors (4096K)
 Metaspace       used 54164K, committed 55488K, reserved 1114112K
  class space    used 7508K, committed 8128K, reserved 1048576K
}
Event: 14.157 GC heap before
{Heap before GC invocations=18 (full 0):
 garbage-first heap   total 107520K, used 88324K [0x0000000080000000, 0x0000000100000000)
  region size 1024K, 29 young (29696K), 4 survivors (4096K)
 Metaspace       used 57104K, committed 58624K, reserved 1114112K
  class space    used 8032K, committed 8768K, reserved 1048576K
}
Event: 14.166 GC heap after
{Heap after GC invocations=19 (full 0):
 garbage-first heap   total 129024K, used 64189K [0x0000000080000000, 0x0000000100000000)
  region size 1024K, 3 young (3072K), 3 survivors (3072K)
 Metaspace       used 57104K, committed 58624K, reserved 1114112K
  class space    used 8032K, committed 8768K, reserved 1048576K
}
Event: 16.009 GC heap before
{Heap before GC invocations=19 (full 0):
 garbage-first heap   total 129024K, used 119485K [0x0000000080000000, 0x0000000100000000)
  region size 1024K, 54 young (55296K), 3 survivors (3072K)
 Metaspace       used 60812K, committed 62336K, reserved 1114112K
  class space    used 8422K, committed 9152K, reserved 1048576K
}
Event: 16.022 GC heap after
{Heap after GC invocations=20 (full 0):
 garbage-first heap   total 131072K, used 72289K [0x0000000080000000, 0x0000000100000000)
  region size 1024K, 7 young (7168K), 7 survivors (7168K)
 Metaspace       used 60812K, committed 62336K, reserved 1114112K
  class space    used 8422K, committed 9152K, reserved 1048576K
}
Event: 16.947 GC heap before
{Heap before GC invocations=20 (full 0):
 garbage-first heap   total 131072K, used 117345K [0x0000000080000000, 0x0000000100000000)
  region size 1024K, 51 young (52224K), 7 survivors (7168K)
 Metaspace       used 63487K, committed 65024K, reserved 1114112K
  class space    used 8867K, committed 9600K, reserved 1048576K
}
Event: 16.958 GC heap after
{Heap after GC invocations=21 (full 0):
 garbage-first heap   total 131072K, used 74794K [0x0000000080000000, 0x0000000100000000)
  region size 1024K, 3 young (3072K), 3 survivors (3072K)
 Metaspace       used 63487K, committed 65024K, reserved 1114112K
  class space    used 8867K, committed 9600K, reserved 1048576K
}
Event: 18.008 GC heap before
{Heap before GC invocations=22 (full 0):
 garbage-first heap   total 131072K, used 118826K [0x0000000080000000, 0x0000000100000000)
  region size 1024K, 46 young (47104K), 3 survivors (3072K)
 Metaspace       used 69150K, committed 70784K, reserved 1114112K
  class space    used 9695K, committed 10496K, reserved 1048576K
}
Event: 18.014 GC heap after
{Heap after GC invocations=23 (full 0):
 garbage-first heap   total 131072K, used 76721K [0x0000000080000000, 0x0000000100000000)
  region size 1024K, 5 young (5120K), 5 survivors (5120K)
 Metaspace       used 69150K, committed 70784K, reserved 1114112K
  class space    used 9695K, committed 10496K, reserved 1048576K
}
Event: 19.207 GC heap before
{Heap before GC invocations=23 (full 0):
 garbage-first heap   total 131072K, used 119729K [0x0000000080000000, 0x0000000100000000)
  region size 1024K, 47 young (48128K), 5 survivors (5120K)
 Metaspace       used 73612K, committed 75392K, reserved 1114112K
  class space    used 10417K, committed 11264K, reserved 1048576K
}
Event: 19.217 GC heap after
{Heap after GC invocations=24 (full 0):
 garbage-first heap   total 131072K, used 78833K [0x0000000080000000, 0x0000000100000000)
  region size 1024K, 6 young (6144K), 6 survivors (6144K)
 Metaspace       used 73612K, committed 75392K, reserved 1114112K
  class space    used 10417K, committed 11264K, reserved 1048576K
}
Event: 21.278 GC heap before
{Heap before GC invocations=24 (full 0):
 garbage-first heap   total 131072K, used 118769K [0x0000000080000000, 0x0000000100000000)
  region size 1024K, 46 young (47104K), 6 survivors (6144K)
 Metaspace       used 74827K, committed 76608K, reserved 1114112K
  class space    used 10547K, committed 11392K, reserved 1048576K
}
Event: 21.309 GC heap after
{Heap after GC invocations=25 (full 0):
 garbage-first heap   total 131072K, used 83968K [0x0000000080000000, 0x0000000100000000)
  region size 1024K, 6 young (6144K), 6 survivors (6144K)
 Metaspace       used 74827K, committed 76608K, reserved 1114112K
  class space    used 10547K, committed 11392K, reserved 1048576K
}
Event: 22.691 GC heap before
{Heap before GC invocations=26 (full 0):
 garbage-first heap   total 140288K, used 118784K [0x0000000080000000, 0x0000000100000000)
  region size 1024K, 41 young (41984K), 6 survivors (6144K)
 Metaspace       used 75024K, committed 76800K, reserved 1179648K
  class space    used 10547K, committed 11392K, reserved 1048576K
}
Event: 22.703 GC heap after
{Heap after GC invocations=27 (full 0):
 garbage-first heap   total 140288K, used 87345K [0x0000000080000000, 0x0000000100000000)
  region size 1024K, 4 young (4096K), 4 survivors (4096K)
 Metaspace       used 75024K, committed 76800K, reserved 1179648K
  class space    used 10547K, committed 11392K, reserved 1048576K
}
Event: 26.152 GC heap before
{Heap before GC invocations=27 (full 0):
 garbage-first heap   total 140288K, used 127281K [0x0000000080000000, 0x0000000100000000)
  region size 1024K, 43 young (44032K), 4 survivors (4096K)
 Metaspace       used 75055K, committed 76800K, reserved 1179648K
  class space    used 10548K, committed 11392K, reserved 1048576K
}
Event: 26.160 GC heap after
{Heap after GC invocations=28 (full 0):
 garbage-first heap   total 140288K, used 86757K [0x0000000080000000, 0x0000000100000000)
  region size 1024K, 4 young (4096K), 4 survivors (4096K)
 Metaspace       used 75055K, committed 76800K, reserved 1179648K
  class space    used 10548K, committed 11392K, reserved 1048576K
}

Dll operation events (3 events):
Event: 0.021 Loaded shared library C:\Program Files\Android\Android Studio2\jbr\bin\java.dll
Event: 0.028 Loaded shared library C:\Program Files\Android\Android Studio2\jbr\bin\zip.dll
Event: 1.200 Loaded shared library C:\Program Files\Android\Android Studio2\jbr\bin\verify.dll

Deoptimization events (20 events):
Event: 24.212 Thread 0x00000279250b1e00 Uncommon trap: trap_request=0xffffff45 fr.pc=0x0000027910f751a8 relative=0x0000000000001568
Event: 24.212 Thread 0x00000279250b1e00 Uncommon trap: reason=unstable_if action=reinterpret pc=0x0000027910f751a8 method=java.util.concurrent.ConcurrentHashMap.transfer([Ljava/util/concurrent/ConcurrentHashMap$Node;[Ljava/util/concurrent/ConcurrentHashMap$Node;)V @ 273 c2
Event: 24.212 Thread 0x00000279250b1e00 DEOPT PACKING pc=0x0000027910f751a8 sp=0x0000008112cfdd90
Event: 24.212 Thread 0x00000279250b1e00 DEOPT UNPACKING pc=0x00000279108c43a2 sp=0x0000008112cfdd30 mode 2
Event: 24.212 Thread 0x00000279250b1e00 Uncommon trap: trap_request=0xffffff45 fr.pc=0x0000027910fce64c relative=0x000000000000026c
Event: 24.212 Thread 0x00000279250b1e00 Uncommon trap: reason=unstable_if action=reinterpret pc=0x0000027910fce64c method=java.util.concurrent.ConcurrentHashMap.addCount(JI)V @ 171 c2
Event: 24.212 Thread 0x00000279250b1e00 DEOPT PACKING pc=0x0000027910fce64c sp=0x0000008112cfdea0
Event: 24.212 Thread 0x00000279250b1e00 DEOPT UNPACKING pc=0x00000279108c43a2 sp=0x0000008112cfdde0 mode 2
Event: 24.213 Thread 0x00000279250b1e00 Uncommon trap: trap_request=0xffffffde fr.pc=0x00000279110eaa7c relative=0x00000000000002bc
Event: 24.213 Thread 0x00000279250ae980 Uncommon trap: trap_request=0xffffffde fr.pc=0x00000279110eaa7c relative=0x00000000000002bc
Event: 24.213 Thread 0x00000279250b1e00 Uncommon trap: reason=class_check action=maybe_recompile pc=0x00000279110eaa7c method=java.util.concurrent.ConcurrentHashMap.get(Ljava/lang/Object;)Ljava/lang/Object; @ 93 c2
Event: 24.213 Thread 0x00000279250ae980 Uncommon trap: reason=class_check action=maybe_recompile pc=0x00000279110eaa7c method=java.util.concurrent.ConcurrentHashMap.get(Ljava/lang/Object;)Ljava/lang/Object; @ 93 c2
Event: 24.213 Thread 0x00000279250b1e00 DEOPT PACKING pc=0x00000279110eaa7c sp=0x0000008112cfddf0
Event: 24.213 Thread 0x00000279250ae980 DEOPT PACKING pc=0x00000279110eaa7c sp=0x0000008112bfdcf0
Event: 24.213 Thread 0x00000279250b1e00 DEOPT UNPACKING pc=0x00000279108c43a2 sp=0x0000008112cfdd48 mode 2
Event: 24.213 Thread 0x00000279250ae980 DEOPT UNPACKING pc=0x00000279108c43a2 sp=0x0000008112bfdc48 mode 2
Event: 24.213 Thread 0x00000279250b1e00 Uncommon trap: trap_request=0xffffffde fr.pc=0x00000279110eaa7c relative=0x00000000000002bc
Event: 24.213 Thread 0x00000279250b1e00 Uncommon trap: reason=class_check action=maybe_recompile pc=0x00000279110eaa7c method=java.util.concurrent.ConcurrentHashMap.get(Ljava/lang/Object;)Ljava/lang/Object; @ 93 c2
Event: 24.213 Thread 0x00000279250b1e00 DEOPT PACKING pc=0x00000279110eaa7c sp=0x0000008112cfddf0
Event: 24.213 Thread 0x00000279250b1e00 DEOPT UNPACKING pc=0x00000279108c43a2 sp=0x0000008112cfdd48 mode 2

Classes loaded (20 events):
Event: 18.818 Loading class java/util/IdentityHashMap$EntrySet
Event: 18.818 Loading class java/util/IdentityHashMap$EntrySet done
Event: 18.818 Loading class java/util/IdentityHashMap$EntryIterator
Event: 18.818 Loading class java/util/IdentityHashMap$IdentityHashMapIterator
Event: 18.818 Loading class java/util/IdentityHashMap$IdentityHashMapIterator done
Event: 18.818 Loading class java/util/IdentityHashMap$EntryIterator done
Event: 18.819 Loading class java/util/IdentityHashMap$EntryIterator$Entry
Event: 18.819 Loading class java/util/IdentityHashMap$EntryIterator$Entry done
Event: 18.927 Loading class java/lang/invoke/SerializedLambda$1
Event: 18.927 Loading class java/lang/invoke/SerializedLambda$1 done
Event: 18.974 Loading class org/xml/sax/Locator
Event: 18.974 Loading class org/xml/sax/Locator done
Event: 18.977 Loading class org/xml/sax/SAXParseException
Event: 18.977 Loading class org/xml/sax/SAXParseException done
Event: 18.977 Loading class org/xml/sax/Attributes
Event: 18.977 Loading class org/xml/sax/Attributes done
Event: 19.169 Loading class java/util/function/LongUnaryOperator
Event: 19.169 Loading class java/util/function/LongUnaryOperator done
Event: 20.268 Loading class java/util/LinkedList$LLSpliterator
Event: 20.268 Loading class java/util/LinkedList$LLSpliterator done

Classes unloaded (0 events):
No events

Classes redefined (0 events):
No events

Internal exceptions (20 events):
Event: 20.193 Thread 0x0000027923c2af10 Exception <a 'sun/nio/fs/WindowsException'{0x00000000868da128}> (0x00000000868da128) 
thrown [s\src\hotspot\share\prims\jni.cpp, line 537]
Event: 20.196 Thread 0x0000027923c2af10 Exception <a 'sun/nio/fs/WindowsException'{0x00000000868ea8b0}> (0x00000000868ea8b0) 
thrown [s\src\hotspot\share\prims\jni.cpp, line 537]
Event: 20.199 Thread 0x0000027923c2af10 Exception <a 'sun/nio/fs/WindowsException'{0x00000000868fd8b8}> (0x00000000868fd8b8) 
thrown [s\src\hotspot\share\prims\jni.cpp, line 537]
Event: 20.203 Thread 0x0000027923c2af10 Exception <a 'sun/nio/fs/WindowsException'{0x000000008670f6a0}> (0x000000008670f6a0) 
thrown [s\src\hotspot\share\prims\jni.cpp, line 537]
Event: 20.205 Thread 0x0000027923c2af10 Exception <a 'sun/nio/fs/WindowsException'{0x000000008671dc10}> (0x000000008671dc10) 
thrown [s\src\hotspot\share\prims\jni.cpp, line 537]
Event: 20.207 Thread 0x0000027923c2af10 Exception <a 'sun/nio/fs/WindowsException'{0x000000008672dca0}> (0x000000008672dca0) 
thrown [s\src\hotspot\share\prims\jni.cpp, line 537]
Event: 20.213 Thread 0x0000027923c2af10 Exception <a 'sun/nio/fs/WindowsException'{0x0000000086742d60}> (0x0000000086742d60) 
thrown [s\src\hotspot\share\prims\jni.cpp, line 537]
Event: 20.216 Thread 0x0000027923c2af10 Exception <a 'sun/nio/fs/WindowsException'{0x0000000086755098}> (0x0000000086755098) 
thrown [s\src\hotspot\share\prims\jni.cpp, line 537]
Event: 20.219 Thread 0x0000027923c2af10 Exception <a 'sun/nio/fs/WindowsException'{0x000000008676f638}> (0x000000008676f638) 
thrown [s\src\hotspot\share\prims\jni.cpp, line 537]
Event: 20.223 Thread 0x0000027923c2af10 Exception <a 'sun/nio/fs/WindowsException'{0x0000000086786fb0}> (0x0000000086786fb0) 
thrown [s\src\hotspot\share\prims\jni.cpp, line 537]
Event: 20.227 Thread 0x0000027923c2af10 Exception <a 'sun/nio/fs/WindowsException'{0x000000008679e778}> (0x000000008679e778) 
thrown [s\src\hotspot\share\prims\jni.cpp, line 537]
Event: 20.231 Thread 0x0000027923c2af10 Exception <a 'sun/nio/fs/WindowsException'{0x00000000867b80d8}> (0x00000000867b80d8) 
thrown [s\src\hotspot\share\prims\jni.cpp, line 537]
Event: 20.236 Thread 0x0000027923c2af10 Exception <a 'sun/nio/fs/WindowsException'{0x00000000867d0fa8}> (0x00000000867d0fa8) 
thrown [s\src\hotspot\share\prims\jni.cpp, line 537]
Event: 20.240 Thread 0x0000027923c2af10 Exception <a 'sun/nio/fs/WindowsException'{0x00000000867eca18}> (0x00000000867eca18) 
thrown [s\src\hotspot\share\prims\jni.cpp, line 537]
Event: 20.258 Thread 0x0000027923c2af10 Exception <a 'sun/nio/fs/WindowsException'{0x0000000086644970}> (0x0000000086644970) 
thrown [s\src\hotspot\share\prims\jni.cpp, line 537]
Event: 20.264 Thread 0x0000027923c2af10 Exception <a 'sun/nio/fs/WindowsException'{0x0000000086660b80}> (0x0000000086660b80) 
thrown [s\src\hotspot\share\prims\jni.cpp, line 537]
Event: 20.269 Thread 0x0000027923c2af10 Exception <a 'java/lang/IncompatibleClassChangeError'{0x00000000866763d8}: Found class java.lang.Object, but interface was expected> (0x00000000866763d8) 
thrown [s\src\hotspot\share\interpreter\linkResolver.cpp, line 851]
Event: 22.748 Thread 0x0000027923c2af10 Implicit null exception at 0x00000279110a5a69 to 0x00000279110a5b0c
Event: 23.650 Thread 0x000002791d242300 Exception <a 'sun/nio/fs/WindowsException'{0x0000000087bfb328}> (0x0000000087bfb328) 
thrown [s\src\hotspot\share\prims\jni.cpp, line 537]
Event: 23.739 Thread 0x000002791d242300 Exception <a 'sun/nio/fs/WindowsException'{0x0000000087a95ac0}> (0x0000000087a95ac0) 
thrown [s\src\hotspot\share\prims\jni.cpp, line 537]

ZGC Phase Switch (0 events):
No events

VM Operations (20 events):
Event: 21.052 Executing safepoint VM operation: ICBufferFull
Event: 21.053 Executing safepoint VM operation: ICBufferFull done
Event: 21.277 Executing safepoint VM operation: G1CollectForAllocation (G1 Evacuation Pause)
Event: 21.309 Executing safepoint VM operation: G1CollectForAllocation (G1 Evacuation Pause) done
Event: 21.472 Executing safepoint VM operation: G1PauseRemark
Event: 21.480 Executing safepoint VM operation: G1PauseRemark done
Event: 21.533 Executing safepoint VM operation: G1PauseCleanup
Event: 21.534 Executing safepoint VM operation: G1PauseCleanup done
Event: 22.535 Executing safepoint VM operation: Cleanup
Event: 22.536 Executing safepoint VM operation: Cleanup done
Event: 22.691 Executing safepoint VM operation: G1CollectForAllocation (G1 Evacuation Pause)
Event: 22.703 Executing safepoint VM operation: G1CollectForAllocation (G1 Evacuation Pause) done
Event: 23.711 Executing safepoint VM operation: Cleanup
Event: 23.727 Executing safepoint VM operation: Cleanup done
Event: 24.741 Executing safepoint VM operation: Cleanup
Event: 24.742 Executing safepoint VM operation: Cleanup done
Event: 25.743 Executing safepoint VM operation: Cleanup
Event: 25.868 Executing safepoint VM operation: Cleanup done
Event: 26.151 Executing safepoint VM operation: G1CollectForAllocation (G1 Evacuation Pause)
Event: 26.160 Executing safepoint VM operation: G1CollectForAllocation (G1 Evacuation Pause) done

Memory protections (0 events):
No events

Nmethod flushes (20 events):
Event: 21.479 Thread 0x000002791d0428b0 flushing  nmethod 0x00000279096a7b10
Event: 21.479 Thread 0x000002791d0428b0 flushing  nmethod 0x00000279096c1e10
Event: 21.479 Thread 0x000002791d0428b0 flushing  nmethod 0x00000279096d7090
Event: 21.479 Thread 0x000002791d0428b0 flushing  nmethod 0x00000279096d7590
Event: 21.479 Thread 0x000002791d0428b0 flushing  nmethod 0x00000279096db990
Event: 21.479 Thread 0x000002791d0428b0 flushing  nmethod 0x00000279096fb190
Event: 21.479 Thread 0x000002791d0428b0 flushing  nmethod 0x0000027909701790
Event: 21.479 Thread 0x000002791d0428b0 flushing  nmethod 0x000002790971a010
Event: 21.479 Thread 0x000002791d0428b0 flushing  nmethod 0x0000027909743a10
Event: 21.479 Thread 0x000002791d0428b0 flushing  nmethod 0x0000027909743d90
Event: 21.479 Thread 0x000002791d0428b0 flushing  nmethod 0x0000027909756a10
Event: 21.479 Thread 0x000002791d0428b0 flushing  nmethod 0x0000027909758e10
Event: 21.479 Thread 0x000002791d0428b0 flushing  nmethod 0x0000027909759690
Event: 21.479 Thread 0x000002791d0428b0 flushing  nmethod 0x0000027909782c90
Event: 21.479 Thread 0x000002791d0428b0 flushing  nmethod 0x000002790983ed90
Event: 21.479 Thread 0x000002791d0428b0 flushing  nmethod 0x00000279098af310
Event: 21.479 Thread 0x000002791d0428b0 flushing  nmethod 0x00000279098f1390
Event: 21.479 Thread 0x000002791d0428b0 flushing  nmethod 0x0000027909903090
Event: 21.479 Thread 0x000002791d0428b0 flushing  nmethod 0x0000027909909210
Event: 21.479 Thread 0x000002791d0428b0 flushing  nmethod 0x0000027909929210

Events (20 events):
Event: 16.926 Thread 0x0000027923c2af10 Thread added: 0x000002792578d360
Event: 16.941 Thread 0x0000027923c2af10 Thread added: 0x000002792578d9f0
Event: 16.942 Thread 0x0000027923c2af10 Thread added: 0x000002792578e080
Event: 16.979 Thread 0x0000027923c2af10 Thread added: 0x000002792578e710
Event: 16.979 Thread 0x0000027923c2af10 Thread added: 0x000002792578b290
Event: 17.738 Thread 0x000002791d24cfb0 Thread added: 0x000002792716a590
Event: 18.698 Thread 0x000002792716a590 Thread exited: 0x000002792716a590
Event: 19.179 Thread 0x000002791d24cfb0 Thread added: 0x0000027927939be0
Event: 20.296 Thread 0x0000027923c2af10 Thread added: 0x000002792578bfb0
Event: 20.297 Thread 0x0000027923c2af10 Thread added: 0x0000027925790e70
Event: 20.297 Thread 0x0000027923c2af10 Thread added: 0x0000027925791b90
Event: 20.479 Thread 0x0000027923c2af10 Thread added: 0x00000279250ac8b0
Event: 20.494 Thread 0x0000027923c2af10 Thread added: 0x00000279250ac220
Event: 20.495 Thread 0x0000027923c2af10 Thread added: 0x00000279250ab500
Event: 20.676 Thread 0x0000027927939be0 Thread exited: 0x0000027927939be0
Event: 22.411 Thread 0x0000027923c2af10 Thread added: 0x00000279250b1770
Event: 22.413 Thread 0x0000027923c2af10 Thread added: 0x00000279250ae980
Event: 22.413 Thread 0x0000027923c2af10 Thread added: 0x00000279250b1e00
Event: 22.440 Thread 0x000002791d24cfb0 Thread added: 0x000002792793c4c0
Event: 22.973 Thread 0x000002792793c4c0 Thread exited: 0x000002792793c4c0


Dynamic libraries:
0x00007ff7cf3d0000 - 0x00007ff7cf3da000 	C:\Program Files\Android\Android Studio2\jbr\bin\java.exe
0x00007ffdde900000 - 0x00007ffddeb63000 	C:\WINDOWS\SYSTEM32\ntdll.dll
0x00007ffdddbf0000 - 0x00007ffdddcb7000 	C:\WINDOWS\System32\KERNEL32.DLL
0x00007ffddbdd0000 - 0x00007ffddc171000 	C:\WINDOWS\System32\KERNELBASE.dll
0x00007ffddc630000 - 0x00007ffddc77b000 	C:\WINDOWS\System32\ucrtbase.dll
0x00007ffdcc7d0000 - 0x00007ffdcc7eb000 	C:\Program Files\Android\Android Studio2\jbr\bin\VCRUNTIME140.dll
0x00007ffdb5100000 - 0x00007ffdb5118000 	C:\Program Files\Android\Android Studio2\jbr\bin\jli.dll
0x00007ffddca50000 - 0x00007ffddcc13000 	C:\WINDOWS\System32\USER32.dll
0x00007ffdcc3a0000 - 0x00007ffdcc630000 	C:\WINDOWS\WinSxS\amd64_microsoft.windows.common-controls_6595b64144ccf1df_6.0.26100.1591_none_3e0fac18e32dc903\COMCTL32.dll
0x00007ffddc600000 - 0x00007ffddc627000 	C:\WINDOWS\System32\win32u.dll
0x00007ffddcc20000 - 0x00007ffddccc9000 	C:\WINDOWS\System32\msvcrt.dll
0x00007ffddceb0000 - 0x00007ffddceda000 	C:\WINDOWS\System32\GDI32.dll
0x00007ffddc350000 - 0x00007ffddc471000 	C:\WINDOWS\System32\gdi32full.dll
0x00007ffddc200000 - 0x00007ffddc2a3000 	C:\WINDOWS\System32\msvcp_win.dll
0x00007ffddce70000 - 0x00007ffddce9f000 	C:\WINDOWS\System32\IMM32.DLL
0x00007ffdcc7c0000 - 0x00007ffdcc7cc000 	C:\Program Files\Android\Android Studio2\jbr\bin\vcruntime140_1.dll
0x00007ffdcebc0000 - 0x00007ffdcec4d000 	C:\Program Files\Android\Android Studio2\jbr\bin\msvcp140.dll
0x00007ffdac870000 - 0x00007ffdad506000 	C:\Program Files\Android\Android Studio2\jbr\bin\server\jvm.dll
0x00007ffddc990000 - 0x00007ffddca42000 	C:\WINDOWS\System32\ADVAPI32.dll
0x00007ffddc8e0000 - 0x00007ffddc987000 	C:\WINDOWS\System32\sechost.dll
0x00007ffdde300000 - 0x00007ffdde416000 	C:\WINDOWS\System32\RPCRT4.dll
0x00007ffddc860000 - 0x00007ffddc8d4000 	C:\WINDOWS\System32\WS2_32.dll
0x00007ffddaa00000 - 0x00007ffddaa4e000 	C:\WINDOWS\SYSTEM32\POWRPROF.dll
0x00007ffdd31b0000 - 0x00007ffdd31e6000 	C:\WINDOWS\SYSTEM32\WINMM.dll
0x00007ffdd3430000 - 0x00007ffdd343b000 	C:\WINDOWS\SYSTEM32\VERSION.dll
0x00007ffdda9e0000 - 0x00007ffdda9f4000 	C:\WINDOWS\SYSTEM32\UMPDC.dll
0x00007ffddac80000 - 0x00007ffddac9a000 	C:\WINDOWS\SYSTEM32\kernel.appcore.dll
0x00007ffdcc7b0000 - 0x00007ffdcc7ba000 	C:\Program Files\Android\Android Studio2\jbr\bin\jimage.dll
0x00007ffdac620000 - 0x00007ffdac861000 	C:\WINDOWS\SYSTEM32\DBGHELP.DLL
0x00007ffdddcc0000 - 0x00007ffdde03c000 	C:\WINDOWS\System32\combase.dll
0x00007ffdde0e0000 - 0x00007ffdde1b6000 	C:\WINDOWS\System32\OLEAUT32.dll
0x00007ffdcc770000 - 0x00007ffdcc7a9000 	C:\WINDOWS\SYSTEM32\dbgcore.DLL
0x00007ffddc2b0000 - 0x00007ffddc349000 	C:\WINDOWS\System32\bcryptPrimitives.dll
0x00007ffdd3520000 - 0x00007ffdd352e000 	C:\Program Files\Android\Android Studio2\jbr\bin\instrument.dll
0x00007ffdcc750000 - 0x00007ffdcc770000 	C:\Program Files\Android\Android Studio2\jbr\bin\java.dll
0x00007ffdcc730000 - 0x00007ffdcc748000 	C:\Program Files\Android\Android Studio2\jbr\bin\zip.dll
0x00007ffddd230000 - 0x00007ffddd926000 	C:\WINDOWS\System32\SHELL32.dll
0x00007ffdd9b20000 - 0x00007ffdda34a000 	C:\WINDOWS\SYSTEM32\windows.storage.dll
0x00007ffdde1c0000 - 0x00007ffdde293000 	C:\WINDOWS\System32\SHCORE.dll
0x00007ffdddb90000 - 0x00007ffdddbed000 	C:\WINDOWS\System32\shlwapi.dll
0x00007ffddbc30000 - 0x00007ffddbc59000 	C:\WINDOWS\SYSTEM32\profapi.dll
0x00007ffdcc700000 - 0x00007ffdcc710000 	C:\Program Files\Android\Android Studio2\jbr\bin\net.dll
0x00007ffdd63c0000 - 0x00007ffdd64e6000 	C:\WINDOWS\SYSTEM32\WINHTTP.dll
0x00007ffddb180000 - 0x00007ffddb1e8000 	C:\WINDOWS\system32\mswsock.dll
0x00007ffdcc6e0000 - 0x00007ffdcc6f6000 	C:\Program Files\Android\Android Studio2\jbr\bin\nio.dll
0x00007ffdd8190000 - 0x00007ffdd81a0000 	C:\Program Files\Android\Android Studio2\jbr\bin\verify.dll
0x00007ffda5bd0000 - 0x00007ffda5bf7000 	C:\Users\Georgino\.gradle\native\1def1411415f61bf3af743bc5b6707747c0891f09f0c88961ee8f79bc544acac\windows-amd64\native-platform.dll
0x00007ffd9e220000 - 0x00007ffd9e298000 	C:\Users\Georgino\.gradle\native\0.2.7\x86_64-windows-gnu\gradle-fileevents.dll
0x00007ffdd81e0000 - 0x00007ffdd81e9000 	C:\Program Files\Android\Android Studio2\jbr\bin\management.dll
0x00007ffdd81d0000 - 0x00007ffdd81db000 	C:\Program Files\Android\Android Studio2\jbr\bin\management_ext.dll
0x00007ffdddb80000 - 0x00007ffdddb88000 	C:\WINDOWS\System32\PSAPI.DLL
0x00007ffdda640000 - 0x00007ffdda672000 	C:\WINDOWS\SYSTEM32\IPHLPAPI.DLL
0x00007ffdde040000 - 0x00007ffdde04a000 	C:\WINDOWS\System32\NSI.dll
0x00007ffdd8240000 - 0x00007ffdd8249000 	C:\Program Files\Android\Android Studio2\jbr\bin\extnet.dll
0x00007ffddb420000 - 0x00007ffddb43c000 	C:\WINDOWS\SYSTEM32\CRYPTSP.dll
0x00007ffddabe0000 - 0x00007ffddac18000 	C:\WINDOWS\system32\rsaenh.dll
0x00007ffddb220000 - 0x00007ffddb24b000 	C:\WINDOWS\SYSTEM32\USERENV.dll
0x00007ffddb670000 - 0x00007ffddb696000 	C:\WINDOWS\SYSTEM32\bcrypt.dll
0x00007ffddb440000 - 0x00007ffddb44c000 	C:\WINDOWS\SYSTEM32\CRYPTBASE.dll
0x00007ffdd88b0000 - 0x00007ffdd88b8000 	C:\WINDOWS\system32\wshunix.dll

JVMTI agents:
C:\Users\Georgino\.gradle\wrapper\dists\gradle-8.13-bin\5xuhj0ry160q40clulazy9h7d\gradle-8.13\lib\agents\gradle-instrumentation-agent-8.13.jar path:C:\Program Files\Android\Android Studio2\jbr\bin\instrument.dll, loaded, initialized, instrumentlib options:none

dbghelp: loaded successfully - version: 4.0.5 - missing functions: none
symbol engine: initialized successfully - sym options: 0x614 - pdb path: .;C:\Program Files\Android\Android Studio2\jbr\bin;C:\WINDOWS\SYSTEM32;C:\WINDOWS\WinSxS\amd64_microsoft.windows.common-controls_6595b64144ccf1df_6.0.26100.1591_none_3e0fac18e32dc903;C:\Program Files\Android\Android Studio2\jbr\bin\server;C:\Users\Georgino\.gradle\native\1def1411415f61bf3af743bc5b6707747c0891f09f0c88961ee8f79bc544acac\windows-amd64;C:\Users\Georgino\.gradle\native\0.2.7\x86_64-windows-gnu

VM Arguments:
jvm_args: --add-opens=java.base/java.lang=ALL-UNNAMED --add-opens=java.base/java.lang.invoke=ALL-UNNAMED --add-opens=java.base/java.util=ALL-UNNAMED --add-opens=java.prefs/java.util.prefs=ALL-UNNAMED --add-exports=jdk.compiler/com.sun.tools.javac.api=ALL-UNNAMED --add-exports=jdk.compiler/com.sun.tools.javac.util=ALL-UNNAMED --add-opens=java.base/java.util=ALL-UNNAMED --add-opens=java.prefs/java.util.prefs=ALL-UNNAMED --add-opens=java.base/java.nio.charset=ALL-UNNAMED --add-opens=java.base/java.net=ALL-UNNAMED --add-opens=java.base/java.util.concurrent.atomic=ALL-UNNAMED --add-opens=java.xml/javax.xml.namespace=ALL-UNNAMED --add-opens=java.base/java.lang=ALL-UNNAMED --add-opens=java.base/java.lang.reflect=ALL-UNNAMED --add-opens=java.base/java.io=ALL-UNNAMED --add-opens=java.base/java.util=ALL-UNNAMED -Xmx2048m -Dfile.encoding=UTF-8 -Duser.country=FR -Duser.language=fr -Duser.variant -javaagent:C:\Users\Georgino\.gradle\wrapper\dists\gradle-8.13-bin\5xuhj0ry160q40clulazy9h7d\gradle-8.13\lib\agents\gradle-instrumentation-agent-8.13.jar 
java_command: org.gradle.launcher.daemon.bootstrap.GradleDaemon 8.13
java_class_path (initial): C:\Users\Georgino\.gradle\wrapper\dists\gradle-8.13-bin\5xuhj0ry160q40clulazy9h7d\gradle-8.13\lib\gradle-daemon-main-8.13.jar
Launcher Type: SUN_STANDARD

[Global flags]
     intx CICompilerCount                          = 3                                         {product} {ergonomic}
     uint ConcGCThreads                            = 1                                         {product} {ergonomic}
     uint G1ConcRefinementThreads                  = 4                                         {product} {ergonomic}
   size_t G1HeapRegionSize                         = 1048576                                   {product} {ergonomic}
    uintx GCDrainStackTargetSize                   = 64                                        {product} {ergonomic}
   size_t InitialHeapSize                          = 134217728                                 {product} {ergonomic}
   size_t MarkStackSize                            = 4194304                                   {product} {ergonomic}
   size_t MaxHeapSize                              = 2147483648                                {product} {command line}
   size_t MaxNewSize                               = 1287651328                                {product} {ergonomic}
   size_t MinHeapDeltaBytes                        = 1048576                                   {product} {ergonomic}
   size_t MinHeapSize                              = 8388608                                   {product} {ergonomic}
    uintx NonNMethodCodeHeapSize                   = 5832780                                {pd product} {ergonomic}
    uintx NonProfiledCodeHeapSize                  = 122912730                              {pd product} {ergonomic}
    uintx ProfiledCodeHeapSize                     = 122912730                              {pd product} {ergonomic}
    uintx ReservedCodeCacheSize                    = 251658240                              {pd product} {ergonomic}
     bool SegmentedCodeCache                       = true                                      {product} {ergonomic}
   size_t SoftMaxHeapSize                          = 2147483648                             {manageable} {ergonomic}
     bool UseCompressedOops                        = true                           {product lp64_product} {ergonomic}
     bool UseG1GC                                  = true                                      {product} {ergonomic}
     bool UseLargePagesIndividualAllocation        = false                                  {pd product} {ergonomic}

Logging:
Log output configuration:
 #0: stdout all=warning uptime,level,tags foldmultilines=false
 #1: stderr all=off uptime,level,tags foldmultilines=false

Release file:
JAVA_VERSION="21.0.10" 
MODULES="java.base java.compiler java.datatransfer java.xml java.prefs java.desktop java.instrument java.logging java.management java.security.sasl java.naming java.rmi java.management.rmi java.net.http java.scripting java.security.jgss java.transaction.xa java.sql java.sql.rowset java.xml.crypto java.se java.smartcardio jdk.accessibility jdk.internal.jvmstat jdk.attach jdk.charsets jdk.internal.opt jdk.zipfs jdk.compiler jdk.crypto.ec jdk.crypto.cryptoki jdk.dynalink jdk.hotspot.agent jdk.httpserver jdk.internal.ed jdk.internal.le jdk.internal.vm.ci jdk.jartool jdk.javadoc jdk.jcmd jdk.jdeps jdk.jdwp.agent jdk.jdi jdk.jfr jdk.jlink jdk.jsobject jdk.localedata jdk.management jdk.management.agent jdk.management.jfr jdk.naming.dns jdk.naming.rmi jdk.net jdk.sctp jdk.security.auth jdk.security.jgss jdk.unsupported jdk.unsupported.desktop jdk.xml.dom" 
IMPLEMENTOR="JetBrains s.r.o." 
JAVA_RUNTIME_VERSION="21.0.10+-14961533-b1163.108" 
LIBC="default" 
OS_ARCH="x86_64" 
OS_NAME="Windows" 
SOURCE=".:git:1351622c2ff2" 

Environment Variables:
PATH=C:\Program Files\Common Files\Oracle\Java\javapath;C:\WINDOWS\system32;C:\WINDOWS;C:\WINDOWS\System32\Wbem;C:\WINDOWS\System32\WindowsPowerShell\v1.0\;C:\WINDOWS\System32\OpenSSH\;C:\Program Files\dotnet\;C:\mingw64\bin;C:\Program Files\Microsoft SQL Server\170\Tools\Binn\;C:\Program Files\Microsoft SQL Server\Client SDK\ODBC\170\Tools\Binn\;C:\Users\Georgino\AppData\Local\Microsoft\WindowsApps;C:\Users\Georgino\.dotnet\tools;C:\Users\Georgino\AppData\Local\Programs\Microsoft VS Code\bin;C:\Users\Georgino\AppData\Local\Programs\Windsurf\bin
USERNAME=Georgino
OS=Windows_NT
PROCESSOR_IDENTIFIER=Intel64 Family 6 Model 60 Stepping 3, GenuineIntel
TMP=C:\Users\Georgino\AppData\Local\Temp
TEMP=C:\Users\Georgino\AppData\Local\Temp




Periodic native trim disabled

JNI global refs:
JNI global refs: 27, weak refs: 1

JNI global refs memory usage: 835, weak refs: 833

Process memory usage:
Resident Set Size: 338104K (4% of 8275000K total physical memory with 421660K free physical memory)

OOME stack traces (most recent first):
Classloader memory used:
Loader org.gradle.internal.classloader.VisitableURLClassLoader                         : 37258K
Loader bootstrap                                                                       : 23840K
Loader org.gradle.initialization.MixInLegacyTypesClassLoader                           : 11035K
Loader org.gradle.internal.classloader.VisitableURLClassLoader                         : 1016K
Loader org.gradle.internal.classloader.VisitableURLClassLoader$InstrumentingVisitableURLClassLoader: 739K
Loader jdk.internal.loader.ClassLoaders$PlatformClassLoader                            : 555K
Loader jdk.internal.reflect.DelegatingClassLoader                                      : 240K
Loader jdk.internal.loader.ClassLoaders$AppClassLoader                                 : 235K
Loader org.gradle.groovy.scripts.internal.DefaultScriptCompilationHandler$ScriptClassLoader: 90856B
Loader org.codehaus.groovy.runtime.callsite.CallSiteClassLoader                        : 49928B

Classes loaded by more than one classloader:
Class org.gradle.internal.IoActions                                                   : loaded 3 times (x 71B)
Class org.gradle.api.Action                                                           : loaded 3 times (x 70B)
Class org.gradle.internal.Cast                                                        : loaded 3 times (x 71B)
Class org.gradle.api.GradleException                                                  : loaded 3 times (x 82B)
Class Program                                                                         : loaded 3 times (x 72B)
Class org.gradle.internal.operations.MultipleBuildOperationFailures                   : loaded 2 times (x 95B)
Class org.gradle.internal.classloader.DefaultClassLoaderFactory                       : loaded 2 times (x 82B)
Class kotlin.collections.AbstractList$Companion                                       : loaded 2 times (x 71B)
Class org.gradle.internal.classloader.ClassLoaderVisitor                              : loaded 2 times (x 76B)
Class org.gradle.api.internal.classpath.EffectiveClassPath                            : loaded 2 times (x 90B)
Class org.gradle.tooling.internal.gradle.DefaultProjectIdentifier                     : loaded 2 times (x 86B)
Class org.gradle.api.internal.DefaultClassPathProvider                                : loaded 2 times (x 76B)
Class [Lorg.gradle.api.internal.ClassPathProvider;                                    : loaded 2 times (x 69B)
Class org.gradle.api.internal.ClassPathProvider                                       : loaded 2 times (x 70B)
Class org.gradle.internal.service.UnknownServiceException                             : loaded 2 times (x 83B)
Class org.gradle.internal.classpath.TransformedClassPath                              : loaded 2 times (x 96B)
Class org.gradle.internal.classloader.InstrumentingClassLoader                        : loaded 2 times (x 70B)
Class com.google.common.collect.Iterators$ArrayItr                                    : loaded 2 times (x 97B)
Class kotlin.enums.EnumEntriesList                                                    : loaded 2 times (x 223B)
Class com.google.common.collect.UnmodifiableIterator                                  : loaded 2 times (x 80B)
Class org.gradle.internal.service.ServiceLocator                                      : loaded 2 times (x 70B)
Class com.intellij.gradle.toolingExtension.util.GradleVersionUtil                     : loaded 2 times (x 71B)
Class org.gradle.tooling.model.UnsupportedMethodException                             : loaded 2 times (x 82B)
Class com.google.common.collect.Iterators                                             : loaded 2 times (x 71B)
Class com.google.common.collect.Lists$StringAsImmutableList                           : loaded 2 times (x 207B)
Class org.gradle.internal.InternalTransformer                                         : loaded 2 times (x 70B)
Class org.gradle.internal.time.DefaultTimer                                           : loaded 2 times (x 80B)
Class org.gradle.internal.classloader.ClasspathUtil$1                                 : loaded 2 times (x 76B)
Class org.gradle.api.internal.classpath.DefaultModuleRegistry$DefaultModule           : loaded 2 times (x 86B)
Class com.google.common.collect.AbstractIterator                                      : loaded 2 times (x 82B)
Class com.google.common.collect.AbstractIndexedListIterator                           : loaded 2 times (x 96B)
Class org.gradle.internal.time.DefaultCountdownTimer                                  : loaded 2 times (x 88B)
Class org.gradle.tooling.internal.gradle.DefaultBuildIdentifier                       : loaded 2 times (x 79B)
Class org.gradle.api.internal.classpath.Module                                        : loaded 2 times (x 70B)
Class org.gradle.api.internal.classpath.UnknownModuleException                        : loaded 2 times (x 82B)
Class org.gradle.tooling.internal.gradle.GradleProjectIdentity                        : loaded 2 times (x 70B)
Class org.gradle.api.internal.DefaultClassPathRegistry                                : loaded 2 times (x 76B)
Class org.gradle.api.internal.ClassPathRegistry                                       : loaded 2 times (x 70B)
Class org.gradle.internal.classpath.DefaultClassPath$ImmutableUniqueList              : loaded 2 times (x 199B)
Class com.google.common.collect.UnmodifiableListIterator                              : loaded 2 times (x 95B)
Class Settings_gradle$1                                                               : loaded 2 times (x 75B)
Class org.gradle.internal.classpath.ClassPath                                         : loaded 2 times (x 70B)
Class org.gradle.api.internal.classpath.ManifestUtil                                  : loaded 2 times (x 71B)
Class com.google.common.collect.Iterators$1                                           : loaded 2 times (x 81B)
Class org.gradle.tooling.model.Model                                                  : loaded 2 times (x 70B)
Class kotlin.UninitializedPropertyAccessException                                     : loaded 2 times (x 82B)
Class com.google.common.collect.Iterators$4                                           : loaded 2 times (x 82B)
Class org.gradle.internal.installation.GradleInstallation$1                           : loaded 2 times (x 75B)
Class org.gradle.api.internal.classpath.ModuleRegistry                                : loaded 2 times (x 70B)
Class com.google.common.collect.Iterators$5                                           : loaded 2 times (x 82B)
Class com.google.common.collect.ImmutableCollection                                   : loaded 2 times (x 125B)
Class org.gradle.api.internal.classpath.DefaultModuleRegistry                         : loaded 2 times (x 86B)
Class com.google.common.collect.Lists                                                 : loaded 2 times (x 71B)
Class com.google.common.collect.Iterators$9                                           : loaded 2 times (x 81B)
Class org.gradle.internal.time.MonotonicClock                                         : loaded 2 times (x 77B)
Class org.gradle.internal.service.ServiceLookupException                              : loaded 2 times (x 82B)
Class org.gradle.internal.classloader.ClassLoaderFactory                              : loaded 2 times (x 70B)
Class org.gradle.internal.service.CachingServiceLocator                               : loaded 2 times (x 82B)
Class org.gradle.internal.time.TimeSource                                             : loaded 2 times (x 70B)
Class org.gradle.tooling.internal.gradle.GradleBuildIdentity                          : loaded 2 times (x 70B)
Class kotlin.enums.EnumEntries                                                        : loaded 2 times (x 70B)
Class org.gradle.internal.exceptions.ResolutionProvider                               : loaded 2 times (x 70B)
Class sync_studio_tooling_2yzdpnm8n3s4182c8t336oao9                                   : loaded 2 times (x 179B)
Class org.gradle.tooling.model.ProjectIdentifier                                      : loaded 2 times (x 70B)
Class org.gradle.internal.classloader.ClasspathUtil                                   : loaded 2 times (x 71B)
Class org.gradle.internal.time.TimeSource$1                                           : loaded 2 times (x 77B)
Class kotlin.jvm.internal.DefaultConstructorMarker                                    : loaded 2 times (x 71B)
Class org.gradle.api.specs.Spec                                                       : loaded 2 times (x 70B)
Class com.intellij.gradle.toolingExtension.impl.model.utilDummyModel.DummyModel       : loaded 2 times (x 70B)
Class org.gradle.internal.time.Clock                                                  : loaded 2 times (x 70B)
Class kotlin.collections.AbstractList                                                 : loaded 2 times (x 197B)
Class kotlin.collections.AbstractCollection                                           : loaded 2 times (x 117B)
Class org.gradle.internal.classloader.VisitableURLClassLoader$InstrumentingVisitableURLClassLoader: loaded 2 times (x 123B)
Class org.gradle.internal.classloader.VisitableURLClassLoader$Spec                    : loaded 2 times (x 74B)
Class org.gradle.internal.classpath.DefaultClassPath                                  : loaded 2 times (x 90B)
Class org.gradle.util.internal.DefaultGradleVersion                                   : loaded 2 times (x 82B)
Class org.gradle.internal.classloader.ClassLoaderSpec                                 : loaded 2 times (x 71B)
Class Settings_gradle$1$1                                                             : loaded 2 times (x 75B)
Class org.gradle.internal.classloader.VisitableURLClassLoader                         : loaded 2 times (x 117B)
Class Settings_gradle                                                                 : loaded 2 times (x 128B)
Class org.gradle.internal.classloader.ClassLoaderHierarchy                            : loaded 2 times (x 70B)
Class org.gradle.internal.classloader.FilteringClassLoader                            : loaded 2 times (x 105B)
Class org.gradle.internal.classpath.DefaultClassPath$ImmutableUniqueList$Builder      : loaded 2 times (x 75B)
Class org.gradle.api.UncheckedIOException                                             : loaded 2 times (x 82B)
Class org.gradle.internal.exceptions.NonGradleCauseExceptionsHolder                   : loaded 2 times (x 70B)
Class kotlin.NotImplementedError                                                      : loaded 2 times (x 82B)
Class kotlin.enums.EnumEntriesKt                                                      : loaded 2 times (x 71B)
Class org.gradle.internal.classloader.SystemClassLoaderSpec                           : loaded 2 times (x 71B)
Class org.gradle.internal.exceptions.MultiCauseException                              : loaded 2 times (x 70B)
Class org.gradle.internal.time.CountdownTimer                                         : loaded 2 times (x 70B)
Class kotlin.jvm.internal.Intrinsics                                                  : loaded 2 times (x 71B)
Class org.gradle.tooling.model.ProjectModel                                           : loaded 2 times (x 70B)
Class kotlin.KotlinNullPointerException                                               : loaded 2 times (x 83B)
Class org.gradle.internal.exceptions.DefaultMultiCauseException                       : loaded 2 times (x 95B)
Class com.google.common.base.Preconditions                                            : loaded 2 times (x 71B)
Class com.google.common.collect.PeekingIterator                                       : loaded 2 times (x 70B)
Class org.gradle.internal.time.Time                                                   : loaded 2 times (x 71B)
Class org.gradle.api.internal.classpath.GlobalCacheRootsProvider                      : loaded 2 times (x 70B)
Class org.gradle.tooling.model.BuildIdentifier                                        : loaded 2 times (x 70B)
Class kotlin.NoWhenBranchMatchedException                                             : loaded 2 times (x 82B)
Class Settings_gradle$1$1$1                                                           : loaded 2 times (x 75B)
Class ijInit1_4d00yh16cyk6184qa1o47l3ou                                               : loaded 2 times (x 179B)
Class org.gradle.internal.time.Timer                                                  : loaded 2 times (x 70B)
Class kotlin.jvm.internal.markers.KMappedMarker                                       : loaded 2 times (x 70B)
Class org.gradle.internal.installation.CurrentGradleInstallationLocator               : loaded 2 times (x 71B)
Class com.google.common.collect.ImmutableList                                         : loaded 2 times (x 206B)
Class org.gradle.internal.service.DefaultServiceLocator                               : loaded 2 times (x 83B)
Class org.gradle.util.GradleVersion                                                   : loaded 2 times (x 81B)
Class org.gradle.internal.installation.CurrentGradleInstallation                      : loaded 2 times (x 73B)
Class org.gradle.util.internal.GUtil                                                  : loaded 2 times (x 71B)
Class com.google.common.collect.Iterators$MergingIterator                             : loaded 2 times (x 81B)
Class org.gradle.internal.installation.GradleInstallation                             : loaded 2 times (x 75B)

---------------  S Y S T E M  ---------------

OS:
 Windows 11 , 64 bit Build 26100 (10.0.26100.1591)
OS uptime: 0 days 0:10 hours

CPU: total 4 (initial active 4) (2 cores per cpu, 2 threads per core) family 6 model 60 stepping 3 microcode 0x28, cx8, cmov, fxsr, ht, mmx, sse, sse2, sse3, ssse3, sse4.1, sse4.2, popcnt, lzcnt, tsc, tscinvbit, avx, avx2, aes, erms, clmul, bmi1, bmi2, fma, vzeroupper, clflush, rdtscp, f16c
Processor Information for the first 4 processors :
  Max Mhz: 2801, Current Mhz: 2801, Mhz Limit: 2801

Memory: 4k page, system-wide physical 8081M (412M free)
TotalPageFile size 8346M (AvailPageFile size 11M)
current process WorkingSet (physical memory assigned to process): 334M, peak: 366M
current process commit charge ("private bytes"): 361M, peak: 394M

vm_info: OpenJDK 64-Bit Server VM (21.0.10+-14961533-b1163.108) for windows-amd64 JRE (21.0.10+-14961533-b1163.108), built on 2026-03-02T19:58:50Z by "builder" with MS VC++ 16.10 / 16.11 (VS2019)

END.
