#
# There is insufficient memory for the Java Runtime Environment to continue.
# Native memory allocation (mmap) failed to map 134217728 bytes. Error detail: G1 virtual space
# Possible reasons:
#   The system is out of physical RAM or swap space
#   This process is running with CompressedOops enabled, and the Java Heap may be blocking the growth of the native heap
# Possible solutions:
#   Reduce memory load on the system
#   Increase physical memory or swap space
#   Check if swap backing store is full
#   Decrease Java heap size (-Xmx/-Xms)
#   Decrease number of Java threads
#   Decrease Java thread stack sizes (-Xss)
#   Set larger code cache with -XX:ReservedCodeCacheSize=
#   JVM is running with Unscaled Compressed Oops mode in which the Java heap is
#     placed in the first 4GB address space. The Java Heap base address is the
#     maximum limit for the native heap growth. Please use -XX:HeapBaseMinAddress
#     to set the Java Heap base and to place the Java Heap above 4GB virtual address.
# This output file may be truncated or incomplete.
#
#  Out of Memory Error (os_windows.cpp:3554), pid=15016, tid=11152
#
# JRE version:  (25.0.2+10) (build )
# Java VM: Java HotSpot(TM) 64-Bit Server VM (25.0.2+10-LTS-69, mixed mode, sharing, tiered, compressed oops, compressed class ptrs, g1 gc, windows-amd64)
# No core dump will be written. Minidumps are not enabled by default on client versions of Windows
#

---------------  S U M M A R Y ------------

Command Line: 

Host: Intel(R) Core(TM) i5-4200H CPU @ 2.80GHz, 4 cores, 7G,  Windows 11 , 64 bit Build 26100 (10.0.26100.1591)
Time: Sun Apr 19 17:08:10 2026 elapsed time: 0.029338 seconds (0d 0h 0m 0s)

---------------  T H R E A D  ---------------

Current thread (0x000001a1ec6c1c60):  JavaThread "Unknown thread" [_thread_in_vm, id=11152, stack(0x000000202da00000,0x000000202db00000) (1024K)]

Stack: [0x000000202da00000,0x000000202db00000]
Native frames: (J=compiled Java code, j=interpreted, Vv=VM code, C=native code)
V  [jvm.dll+0x7a70f9]  (no source info available)
V  [jvm.dll+0x772d6d]  (no source info available)
V  [jvm.dll+0x965d53]  (no source info available)
V  [jvm.dll+0x968351]  (no source info available)
V  [jvm.dll+0x968a63]  (no source info available)
V  [jvm.dll+0x2fc846]  (no source info available)
V  [jvm.dll+0x7a3325]  (no source info available)
V  [jvm.dll+0x796737]  (no source info available)
V  [jvm.dll+0x3f4988]  (no source info available)
V  [jvm.dll+0x3fc8d6]  (no source info available)
V  [jvm.dll+0x3e8f7e]  (no source info available)
V  [jvm.dll+0x3e9238]  (no source info available)
V  [jvm.dll+0x3c0145]  (no source info available)
V  [jvm.dll+0x3c0dce]  (no source info available)
V  [jvm.dll+0x92cdf7]  (no source info available)
V  [jvm.dll+0x458f02]  (no source info available)
V  [jvm.dll+0x9107a2]  (no source info available)
V  [jvm.dll+0x4f9331]  (no source info available)
V  [jvm.dll+0x4fabc1]  (no source info available)
C  [jli.dll+0x543e]  (no source info available)
C  [ucrtbase.dll+0x14ea0]  (no source info available)
C  [KERNEL32.DLL+0x2dbe7]  (no source info available)
C  [ntdll.dll+0x85a6c]  (no source info available)

Lock stack of current Java thread (top to bottom):


---------------  P R O C E S S  ---------------

Threads class SMR info:
_java_thread_list=0x00007ffb0d615388, length=0, elements={
}

Java Threads: ( => current thread )
Total: 0

Other Threads:
  0x000001a1ec893a20 WorkerThread "GC Thread#0"                     [id=13888, stack(0x000000202db00000,0x000000202dc00000) (1024K)]
  0x000001a1ec8ad500 ConcurrentGCThread "G1 Main Marker"            [id=11300, stack(0x000000202dc00000,0x000000202dd00000) (1024K)]
  0x000001a1ec8ae840 WorkerThread "G1 Conc#0"                       [id=6632, stack(0x000000202dd00000,0x000000202de00000) (1024K)]

[error occurred during error reporting (printing all threads), id 0xc0000005, EXCEPTION_ACCESS_VIOLATION (0xc0000005) at pc=0x00007ffb0ccf4f1a]
VM state: not at safepoint (not fully initialized)

VM Mutex/Monitor currently owned by a thread:  ([mutex/lock_event])
[0x00007ffb0d699768] Heap_lock - owner thread: 0x000001a1ec6c1c60

Heap address: 0x0000000081a00000, size: 2022 MB, Compressed Oops mode: 32-bit

CDS archive(s) mapped at: [0x0000000000000000-0x0000000000000000-0x0000000000000000), size 0, SharedBaseAddress: 0x0000000800000000, ArchiveRelocationMode: 1.
UseCompressedClassPointers 1, UseCompactObjectHeaders 0
Narrow klass pointer bits 32, Max shift 3
Narrow klass base: 0xffffffffffffffff, Narrow klass shift: -1
Encoding Range: [0xffffffffffffffff - 0x000000007fffffff), (2147483648 bytes)
Klass Range:    [0x0000000000000000 - 0x0000000000000000), (0 bytes)
Klass ID Range:  [4294967295 - 0) (1)
No protection zone.

GC Precious Log:
 CardTable entry size: 512
 Card Set container configuration: InlinePtr #cards 5 size 8 Array Of Cards #cards 10 size 36 Howl #buckets 4 coarsen threshold 1843 Howl Bitmap #cards 512 size 80 coarsen threshold 460 Card regions per heap region 1 cards per card region 2048

Heap:
 garbage-first heap   total reserved 2070528K, committed 0K, used 0K [0x0000000081a00000, 0x0000000100000000)
  region size 1024K, 0 young (0K), 0 survivors (0K)

Heap Regions: E=young(eden), S=young(survivor), O=old, HS=humongous(starts), HC=humongous(continues), CS=collection set, F=free, TAMS=top-at-mark-start, PB=parsable bottom

Card table byte_map: [0x000001a1f7430000,0x000001a1f7830000] _byte_map_base: 0x000001a1f7023000

Marking Bits: (CMBitMap*) 0x000001a1ec8941b0
 Bits: [0x000001a1f7830000, 0x000001a1f97c8000)

GC Heap Usage History (0 events):
No events

Metaspace Usage History (0 events):
No events

Dll operation events (1 events):
Event: 0.022 Loaded shared library C:\Program Files\Java\jdk-25.0.2\bin\java.dll

Deoptimization events (0 events):
No events

Classes loaded (0 events):
No events

Classes unloaded (0 events):
No events

Classes redefined (0 events):
No events

Internal exceptions (0 events):
No events

VM Operations (0 events):
No events

Memory protections (0 events):
No events

Nmethod flushes (0 events):
No events

Events (0 events):
No events


Dynamic libraries:
0x00007ff764d50000 - 0x00007ff764d60000 	C:\Program Files\Java\jdk-25.0.2\bin\java.exe
0x00007ffb96cc0000 - 0x00007ffb96f23000 	C:\WINDOWS\SYSTEM32\ntdll.dll
0x00007ffb95310000 - 0x00007ffb953d7000 	C:\WINDOWS\System32\KERNEL32.DLL
0x00007ffb944b0000 - 0x00007ffb94851000 	C:\WINDOWS\System32\KERNELBASE.dll
0x00007ffb949f0000 - 0x00007ffb94b3b000 	C:\WINDOWS\System32\ucrtbase.dll
0x00007ffb7d0d0000 - 0x00007ffb7d0ee000 	C:\Program Files\Java\jdk-25.0.2\bin\VCRUNTIME140.dll
0x00007ffb7c910000 - 0x00007ffb7c927000 	C:\Program Files\Java\jdk-25.0.2\bin\jli.dll
0x00007ffb962d0000 - 0x00007ffb96493000 	C:\WINDOWS\System32\USER32.dll
0x00007ffb94860000 - 0x00007ffb94887000 	C:\WINDOWS\System32\win32u.dll
0x00007ffb84350000 - 0x00007ffb845e0000 	C:\WINDOWS\WinSxS\amd64_microsoft.windows.common-controls_6595b64144ccf1df_6.0.26100.1591_none_3e0fac18e32dc903\COMCTL32.dll
0x00007ffb96c50000 - 0x00007ffb96c7a000 	C:\WINDOWS\System32\GDI32.dll
0x00007ffb959f0000 - 0x00007ffb95a99000 	C:\WINDOWS\System32\msvcrt.dll
0x00007ffb94180000 - 0x00007ffb942a1000 	C:\WINDOWS\System32\gdi32full.dll
0x00007ffb940d0000 - 0x00007ffb94173000 	C:\WINDOWS\System32\msvcp_win.dll
0x00007ffb96530000 - 0x00007ffb9655f000 	C:\WINDOWS\System32\IMM32.DLL
0x00007ffb90a50000 - 0x00007ffb90a5c000 	C:\Program Files\Java\jdk-25.0.2\bin\vcruntime140_1.dll
0x00007ffb7a4f0000 - 0x00007ffb7a57d000 	C:\Program Files\Java\jdk-25.0.2\bin\msvcp140.dll
0x00007ffb0c920000 - 0x00007ffb0d77f000 	C:\Program Files\Java\jdk-25.0.2\bin\server\jvm.dll
0x00007ffb961a0000 - 0x00007ffb96252000 	C:\WINDOWS\System32\ADVAPI32.dll
0x00007ffb96710000 - 0x00007ffb967b7000 	C:\WINDOWS\System32\sechost.dll
0x00007ffb957d0000 - 0x00007ffb958e6000 	C:\WINDOWS\System32\RPCRT4.dll
0x00007ffb964a0000 - 0x00007ffb96514000 	C:\WINDOWS\System32\WS2_32.dll
0x00007ffb92dc0000 - 0x00007ffb92e0e000 	C:\WINDOWS\SYSTEM32\POWRPROF.dll
0x00007ffb8b370000 - 0x00007ffb8b3a6000 	C:\WINDOWS\SYSTEM32\WINMM.dll
0x00007ffb8b5b0000 - 0x00007ffb8b5bb000 	C:\WINDOWS\SYSTEM32\VERSION.dll
0x00007ffb92da0000 - 0x00007ffb92db4000 	C:\WINDOWS\SYSTEM32\UMPDC.dll
0x00007ffb93040000 - 0x00007ffb9305a000 	C:\WINDOWS\SYSTEM32\kernel.appcore.dll
0x00007ffb90810000 - 0x00007ffb9081a000 	C:\Program Files\Java\jdk-25.0.2\bin\jimage.dll
0x00007ffb84950000 - 0x00007ffb84b91000 	C:\WINDOWS\SYSTEM32\DBGHELP.DLL
0x00007ffb94c90000 - 0x00007ffb9500c000 	C:\WINDOWS\System32\combase.dll
0x00007ffb96580000 - 0x00007ffb96656000 	C:\WINDOWS\System32\OLEAUT32.dll
0x00007ffb81c50000 - 0x00007ffb81c89000 	C:\WINDOWS\SYSTEM32\dbgcore.DLL
0x00007ffb94950000 - 0x00007ffb949e9000 	C:\WINDOWS\System32\bcryptPrimitives.dll
0x00007ffb7a890000 - 0x00007ffb7a8af000 	C:\Program Files\Java\jdk-25.0.2\bin\java.dll
0x00007ffb953e0000 - 0x00007ffb95579000 	C:\WINDOWS\System32\ole32.dll
0x00007ffb95aa0000 - 0x00007ffb96196000 	C:\WINDOWS\System32\SHELL32.dll

JVMTI agents: none

dbghelp: loaded successfully - version: 4.0.5 - missing functions: none
symbol engine: initialized successfully - sym options: 0x614 - pdb path: .;C:\Program Files\Java\jdk-25.0.2\bin;C:\WINDOWS\SYSTEM32;C:\WINDOWS\WinSxS\amd64_microsoft.windows.common-controls_6595b64144ccf1df_6.0.26100.1591_none_3e0fac18e32dc903;C:\Program Files\Java\jdk-25.0.2\bin\server

VM Arguments:
java_command: <unknown>
java_class_path (initial): <not set>
Launcher Type: SUN_STANDARD

[Global flags]
     intx CICompilerCount                          = 3                                         {product} {ergonomic}
     uint ConcGCThreads                            = 1                                         {product} {ergonomic}
     uint G1ConcRefinementThreads                  = 4                                         {product} {ergonomic}
   size_t G1HeapRegionSize                         = 1048576                                   {product} {ergonomic}
   size_t InitialHeapSize                          = 134217728                                 {product} {ergonomic}
   size_t MarkStackSize                            = 4194304                                   {product} {ergonomic}
   size_t MarkStackSizeMax                         = 536870912                                 {product} {ergonomic}
   size_t MaxHeapSize                              = 2120220672                                {product} {ergonomic}
   size_t MinHeapDeltaBytes                        = 1048576                                   {product} {ergonomic}
   size_t MinHeapSize                              = 8388608                                   {product} {ergonomic}
    uintx NonNMethodCodeHeapSize                   = 5832704                                {pd product} {ergonomic}
    uintx NonProfiledCodeHeapSize                  = 122945536                              {pd product} {ergonomic}
    uintx ProfiledCodeHeapSize                     = 122880000                              {pd product} {ergonomic}
    uintx ReservedCodeCacheSize                    = 251658240                              {pd product} {ergonomic}
     bool SegmentedCodeCache                       = true                                      {product} {ergonomic}
   size_t SoftMaxHeapSize                          = 2120220672                             {manageable} {ergonomic}
     bool UseCompressedOops                        = true                           {product lp64_product} {ergonomic}
     bool UseG1GC                                  = true                                      {product} {ergonomic}
     bool UseLargePagesIndividualAllocation        = false                                  {pd product} {ergonomic}

Logging:
Log output configuration:
 #0: stdout all=warning uptime,level,tags foldmultilines=false
 #1: stderr all=off uptime,level,tags foldmultilines=false

Release file:
<release file has not been read>
Environment Variables:
PATH=C:\Users\Georgino\AppData\Local\Programs\Windsurf;C:\Program Files\Common Files\Oracle\Java\javapath;C:\WINDOWS\system32;C:\WINDOWS;C:\WINDOWS\System32\Wbem;C:\WINDOWS\System32\WindowsPowerShell\v1.0\;C:\WINDOWS\System32\OpenSSH\;C:\Program Files\dotnet\;C:\mingw64\bin;C:\Program Files\Microsoft SQL Server\170\Tools\Binn\;C:\Program Files\Microsoft SQL Server\Client SDK\ODBC\170\Tools\Binn\;C:\Users\Georgino\AppData\Local\Microsoft\WindowsApps;C:\Users\Georgino\.dotnet\tools;C:\Users\Georgino\AppData\Local\Programs\Microsoft VS Code\bin;C:\Users\Georgino\AppData\Local\Programs\Windsurf\bin
USERNAME=Georgino
OS=Windows_NT
PROCESSOR_IDENTIFIER=Intel64 Family 6 Model 60 Stepping 3, GenuineIntel
TMP=C:\Users\Georgino\AppData\Local\Temp
TEMP=C:\Users\Georgino\AppData\Local\Temp




Compilation memory statistics disabled.

Periodic native trim disabled

---------------  S Y S T E M  ---------------

OS:
 Windows 11 , 64 bit Build 26100 (10.0.26100.1591)
OS uptime: 0 days 2:57 hours

CPU: total 4 (initial active 4) (2 cores per cpu, 2 threads per core) family 6 model 60 stepping 3 microcode 0x28, cx8, cmov, fxsr, ht, mmx, sse, sse2, sse3, ssse3, sse4.1, sse4.2, popcnt, lzcnt, tsc, tscinvbit, avx, avx2, aes, erms, clmul, bmi1, bmi2, fma, vzeroupper, clflush, rdtscp, f16c
Processor Information for the first 4 processors :
  Max Mhz: 2801, Current Mhz: 2801, Mhz Limit: 2801

Memory: 4k page, system-wide physical 8081M (895M free)
TotalPageFile size 11257M (AvailPageFile size 84M)
current process WorkingSet (physical memory assigned to process): 12M, peak: 12M
current process commit charge ("private bytes"): 52M, peak: 180M

vm_info: Java HotSpot(TM) 64-Bit Server VM (25.0.2+10-LTS-69) for windows-amd64 JRE (25.0.2+10-LTS-69), built on 2025-12-18T11:36:35Z with MS VC++ 17.13 (VS2022)

END.
